✔ V5 parses visible Atomic bodies and rejects altered rollback scaffolding; V4 stays closed (520.178375ms)
✔ development reference establishes return/rollback/effect and settled-task allocation semantics (1.940541ms)
✔ actual typescript Atomic matches reference rollback and nonlocal return semantics (2090.814916ms)
✔ actual python Atomic matches reference rollback and nonlocal return semantics (121.384791ms)
✔ actual rust Atomic matches reference rollback and nonlocal return semantics (4805.634458ms)
✔ actual typescript Atomic restores state and native step counter after authority and budget faults (216.3565ms)
✔ actual python Atomic restores state and native step counter after authority and budget faults (89.558333ms)
✔ actual rust Atomic restores state and native step counter after authority and budget faults (2188.812375ms)
✔ V12 parses visible blockless bindings to the exact root and guards slot scaffolding (513.11525ms)
✔ each blockless If, While and Atomic shape independently selects V12 (54.524291ms)
✔ V12 reference run covers selected branches, skipped bindings, loop rebinding, Atomic, assignment and shadow fallback (1.177ms)
✔ V12 explicitly rejects invalid blockless binding types (0.613917ms)
✔ V12 profile propagates through an exact-address import closure (94.225167ms)
✔ V12 actual typescript execution matches reference binding outcomes (2427.090709ms)
✔ V12 actual python execution matches reference binding outcomes (139.239541ms)
✔ V12 actual rust execution matches reference binding outcomes (10646.589583ms)
✔ composite profiles preserve exact AST identities and parse visible collection/field edits (545.4055ms)
✔ actual typescript composite execution preserves aliasing, old records, lazy Result branches, callbacks and write order (230.541542ms)
✔ actual python composite execution preserves aliasing, old records, lazy Result branches, callbacks and write order (213.973417ms)
✔ actual rust composite execution preserves aliasing, old records, lazy Result branches, callbacks and write order (11291.631916ms)
✔ continuation source keeps bodies visible and validates capture scaffolding (551.503917ms)
✔ actual typescript closures/tasks preserve captures, identity and effect authority (170.955791ms)
✔ actual python closures/tasks preserve captures, identity and effect authority (94.832583ms)
✔ actual rust closures/tasks preserve captures, identity and effect authority (6593.88925ms)
✔ actual typescript completed tasks retain results under revocation without redispatch (219.070167ms)
✔ actual python completed tasks retain results under revocation without redispatch (99.201417ms)
✔ actual rust completed tasks retain results under revocation without redispatch (2485.134416ms)
✔ unsupported contract contexts fail explicitly and blockless bindings select V12 (82.426708ms)
✔ V11 parses visible pure contract calls and preserves exact AST identities (247.796375ms)
✔ V11 rejects undeclared purity, unsynthesized and indirect paths through contract callees (48.046042ms)
✔ V11 resolves a pure contract callee through an exact-address dependency (132.958375ms)
✔ V11 actual typescript contract calls enforce pre and postconditions after mutation (2153.754542ms)
✔ V11 actual python contract calls enforce pre and postconditions after mutation (83.180875ms)
✔ V11 actual rust contract calls enforce pre and postconditions after mutation (10326.603666ms)
✔ V9 round-trips null bodies exactly and rejects changed executable scaffolding (119.983875ms)
✔ V9 propagates unsynthesized dependency identity through exact-address imports (94.925167ms)
✔ V9 actual typescript declaration traps while synthesized code executes (1658.899417ms)
✔ V9 actual python declaration traps while synthesized code executes (69.85925ms)
✔ V9 actual rust declaration traps while synthesized code executes (10427.634334ms)
✔ scalar native profiles round-trip all emitted control flow and parse actual visible edits (414.097459ms)
✔ unsupported projected AST and host syntax reject rather than use placeholders or hidden IR (178.79275ms)
✔ actual typescript execution preserves booleans, arbitrary integers, negative division, overflow, contracts and effects (235.615333ms)
✔ actual python execution preserves booleans, arbitrary integers, negative division, overflow, contracts and effects (119.30025ms)
✔ actual rust execution preserves booleans, arbitrary integers, negative division, overflow, contracts and effects (3968.641875ms)
✔ declared scalar kinds retain type declarations, surfaces, branch shape and contract metadata (21.486042ms)
✔ generic captured closures and tasks round trip and execute in typescript (172.546583ms)
✔ generic captured closures and tasks round trip and execute in python (111.765625ms)
✔ generic captured closures and tasks round trip and execute in rust (5962.492459ms)
✔ generic/nested AST identities and visible type witnesses round trip; unsupported open contexts reject (1874.082167ms)
✔ reference interpreter establishes nested generic container and capability results (2.797417ms)
✔ actual typescript generic/nested source edits preserve containers and reject false witnesses before effects (2883.386833ms)
✔ actual python generic/nested source edits preserve containers and reject false witnesses before effects (169.434958ms)
✔ actual rust generic/nested source edits preserve containers and reject false witnesses before effects (3802.213333ms)
✔ every declared AST kind has a representative exact-root TS/Python/Rust round trip (2824.716833ms)
✔ new Cond/ForAll/Surface/Un/Yield fixture matches the reference runtime (0.730417ms)
✔ free type variables without a binding are explicitly rejected in all targets (71.55225ms)
✔ actual typescript completes five missing AST kinds (2018.372208ms)
✔ actual python completes five missing AST kinds (63.821042ms)
✔ actual rust completes five missing AST kinds (8841.980917ms)
✔ actual typescript standard ledger preserves aliases, transfer/settle contracts and grants (289.067708ms)
✔ actual python standard ledger preserves aliases, transfer/settle contracts and grants (103.570208ms)
✔ actual rust standard ledger preserves aliases, transfer/settle contracts and grants (11831.118375ms)
✔ H1/H2: Rust and Python projections expose the same semantic functions (2.995333ms)
✔ H4: structural diff projection renders only changed graph paths (12.125666ms)
✔ H3: projection language server applies a text edit through a branch CAS (1615.124333ms)
✔ J5: every AST kind has explicit projection support metadata (0.818958ms)
✔ J6: standard LSP frames decode incrementally and syntax errors become diagnostics (1348.04725ms)
✔ V8 nested imports retain exact module/address identity and reject altered or missing dependencies (473.188833ms)
✔ V8 closes a transitive nested import inside an addressed dependency (3572.347208ms)
✔ actual typescript nested exact-address import executes the same result (1191.66625ms)
✔ actual python nested exact-address import executes the same result (66.640916ms)
✔ actual rust nested exact-address import executes the same result (1306.155541ms)
✔ edited nested TypeScript dependency rebinds its address and runs the changed program (108.209958ms)
✔ V10 keeps quantifier and Result binders local inside old snapshots (318.436375ms)
✔ V10 actual typescript old-binder execution sees pre-state (1348.837541ms)
✔ V10 actual python old-binder execution sees pre-state (100.544125ms)
✔ V10 actual rust old-binder execution sees pre-state (4575.133958ms)
✔ Risk R3: parse(project(x)) is the identical node, not merely an equivalent one (28.89925ms)
✔ the round trip is idempotent under repetition (4.955375ms)
✔ a human edit to the projection lands as a node mutation (15.443458ms)
✔ randomly generated expressions survive the round trip (72.748709ms)
✔ precedence is preserved without over-parenthesising (0.195416ms)
✔ an unsynthesized contract projects and parses as a body-less declaration (11.741542ms)
✔ out-of-scope identifiers are rejected rather than silently bound (0.370041ms)
✔ result and old are only special inside an ensures clause (0.075416ms)
✔ capabilities and provenance survive the projection (0.388ms)
✔ the auditor view adds causal lineage without changing the code (3.666167ms)
✔ pinned Unicode17 tables cover every scalar mapping of the actual TypeScript reference (751.9345ms)
✔ V6 exact import closure round trips; missing, altered and unselected dependencies reject (1556.368625ms)
✔ actual typescript linked imports and Unicode operations match TypeScript reference (1028.930083ms)
✔ actual python linked imports and Unicode operations match TypeScript reference (784.472667ms)
✔ actual rust linked imports and Unicode operations match TypeScript reference (1639.647667ms)
ℹ tests 92
ℹ suites 0
ℹ pass 92
ℹ fail 0
ℹ cancelled 0
ℹ skipped 0
ℹ todo 0
ℹ duration_ms 15572.921042
