run.log: OK
verify.log: OK
raw/wide-boolean-1-trial-4.json: OK
raw/linear-counterexample-1-trial-3.json: OK
raw/actual-function-1-trial-1.json: OK
raw/pigeonhole-hard-1-trial-1.json: OK
raw/pigeonhole-hard-1-trial-0.json: OK
raw/actual-function-1-trial-0.json: OK
raw/linear-counterexample-1-trial-2.json: OK
raw/linear-valid-1-trial-4.json: OK
raw/boolean-tautology-1-warmup-1.json: OK
raw/boolean-tautology-1-trial-0.json: OK
raw/linear-valid-1-warmup-1.json: OK
raw/wide-boolean-1-trial-2.json: OK
raw/linear-counterexample-1-warmup-1.json: OK
raw/results.json: OK
raw/linear-valid-1-trial-3.json: OK
raw/linear-valid-1-trial-2.json: OK
raw/registration.json: OK
raw/wide-boolean-1-trial-3.json: OK
raw/linear-counterexample-1-trial-4.json: OK
raw/boolean-tautology-1-trial-1.json: OK
raw/boolean-tautology-1-trial-2.json: OK
raw/linear-valid-1-trial-1.json: OK
raw/wide-boolean-1-trial-0.json: OK
raw/wide-boolean-1-trial-1.json: OK
raw/linear-valid-1-trial-0.json: OK
raw/actual-function-1-warmup-1.json: OK
raw/pigeonhole-hard-1-warmup-1.json: OK
raw/boolean-tautology-1-trial-3.json: OK
raw/actual-function-1-trial-4.json: OK
raw/sources/package.json.source: OK
raw/sources/roadmap/v4/research/smt-cutoff/campaign-v2.ts.source: OK
raw/sources/package-lock.json.source: OK
raw/sources/src/util/tokens.ts.source: OK
raw/sources/src/util/rng.ts.source: OK
raw/sources/src/agent/protocol.ts.source: OK
raw/sources/src/agent/index.ts.source: OK
raw/sources/src/synthesis/enumerative.ts.source: OK
raw/sources/src/synthesis/loop.ts.source: OK
raw/sources/src/tier1/modules.ts.source: OK
raw/sources/src/tier1/cognitive-blackboard.ts.source: OK
raw/sources/src/tier1/merge.ts.source: OK
raw/sources/src/tier1/semantic-index.ts.source: OK
raw/sources/src/tier1/build.ts.source: OK
raw/sources/src/tier1/ast.ts.source: OK
raw/sources/src/tier1/provenance.ts.source: OK
raw/sources/src/tier1/repository.ts.source: OK
raw/sources/src/tier1/tree-workspace.ts.source: OK
raw/sources/src/tier1/tree-materialization.ts.source: OK
raw/sources/src/tier1/store.ts.source: OK
raw/sources/src/tier1/semantic-gc-adapters.ts.source: OK
raw/sources/src/tier1/symbols.ts.source: OK
raw/sources/src/tier1/agent-ir-v6.ts.source: OK
raw/sources/src/tier1/ids.ts.source: OK
raw/sources/src/tier1/embedding-input.ts.source: OK
raw/sources/src/tier1/blake3.ts.source: OK
raw/sources/src/tier1/semantic-gc-virtual-promotion.ts.source: OK
raw/sources/src/tier1/agent-ir-v3-bounds.ts.source: OK
raw/sources/src/tier1/durable-store.ts.source: OK
raw/sources/src/tier1/fractional-position.ts.source: OK
raw/sources/src/tier1/agent-ir-v2.ts.source: OK
raw/sources/src/tier1/occurrence-tree.ts.source: OK
raw/sources/src/tier1/causal-lineage.ts.source: OK
raw/sources/src/tier1/agent-ir-v3-compact.ts.source: OK
raw/sources/src/tier1/canonical.ts.source: OK
raw/sources/src/tier1/semantic-gc-retained-closure.ts.source: OK
raw/sources/src/tier1/semantic-gc.ts.source: OK
raw/sources/src/tier1/persistence.ts.source: OK
raw/sources/src/tier1/agent-ir-v3.ts.source: OK
raw/sources/src/tier1/agent-ir.ts.source: OK
raw/sources/src/tier1/agent-ir-v5.ts.source: OK
raw/sources/src/tier1/index.ts.source: OK
raw/sources/src/tier1/semantic-gc-virtual-forward.ts.source: OK
raw/sources/src/tier1/semantic-gc-sink-retirement.ts.source: OK
raw/sources/src/cli.ts.source: OK
raw/sources/src/examples/ledger.ts.source: OK
raw/sources/src/fabric/host-journal-witness.ts.source: OK
raw/sources/src/fabric/identity.ts.source: OK
raw/sources/src/fabric/quorum-votes.ts.source: OK
raw/sources/src/fabric/attested-sink-service-cli.ts.source: OK
raw/sources/src/fabric/witness-service-cli.ts.source: OK
raw/sources/src/fabric/witness-service.ts.source: OK
raw/sources/src/fabric/effects.ts.source: OK
raw/sources/src/fabric/journal-lock.ts.source: OK
raw/sources/src/fabric/promotion.ts.source: OK
raw/sources/src/fabric/attested-sink-service.ts.source: OK
raw/sources/src/fabric/evidence.ts.source: OK
raw/sources/src/fabric/sink-state-witness.ts.source: OK
raw/sources/src/fabric/deployment-journal-witness.ts.source: OK
raw/sources/src/fabric/effect-journal-witness.ts.source: OK
raw/sources/src/fabric/quorum-crypto.ts.source: OK
raw/sources/src/fabric/quorum-node.ts.source: OK
raw/sources/src/fabric/quorum-threshold.ts.source: OK
raw/sources/src/fabric/snapshot.ts.source: OK
raw/sources/src/fabric/encoding.ts.source: OK
raw/sources/src/fabric/attested-sink-adapter.ts.source: OK
raw/sources/src/fabric/sink-receipt.ts.source: OK
raw/sources/src/fabric/replication.ts.source: OK
raw/sources/src/fabric/index.ts.source: OK
raw/sources/src/fabric/budget-journal-witness.ts.source: OK
raw/sources/src/tier3/heap-state.ts.source: OK
raw/sources/src/tier3/living-campaign.ts.source: OK
raw/sources/src/tier3/living-campaign-pipeline.ts.source: OK
raw/sources/src/tier3/packed-heap.ts.source: OK
raw/sources/src/tier3/checkpoint-semantic-retention.ts.source: OK
raw/sources/src/tier3/effects.ts.source: OK
raw/sources/src/tier3/resumable-runtime.ts.source: OK
raw/sources/src/tier3/fallback-proof.ts.source: OK
raw/sources/src/tier3/living-effect-authorization.ts.source: OK
raw/sources/src/tier3/resumable-checkpoint.ts.source: OK
raw/sources/src/tier3/compile.ts.source: OK
raw/sources/src/tier3/fallback-tree.ts.source: OK
raw/sources/src/tier3/runtime.ts.source: OK
raw/sources/src/tier3/values.ts.source: OK
raw/sources/src/tier3/resumable-program.ts.source: OK
raw/sources/src/tier3/active-task-semantic-retention.ts.source: OK
raw/sources/src/tier3/resumable-state.ts.source: OK
raw/sources/src/tier3/resumable-types.ts.source: OK
raw/sources/src/tier3/microworld.ts.source: OK
raw/sources/src/tier3/generate.ts.source: OK
raw/sources/src/tier3/index.ts.source: OK
raw/sources/src/tier4/process-virtual-deployment-journal.ts.source: OK
raw/sources/src/tier4/process-worker.ts.source: OK
raw/sources/src/tier4/process-virtual-artifact.ts.source: OK
raw/sources/src/tier4/process-host.ts.source: OK
raw/sources/src/tier4/process-type-validation.ts.source: OK
raw/sources/src/tier4/native-fallback-contract.ts.source: OK
raw/sources/src/tier4/native-fallback-compiler-v1.ts.source: OK
raw/sources/src/tier4/process-virtual-artifact-v4.ts.source: OK
raw/sources/src/tier4/process-deployment.ts.source: OK
raw/sources/src/tier4/process-resumable.ts.source: OK
raw/sources/src/tier4/process-fallback.ts.source: OK
raw/sources/src/tier4/process-virtual-deployment-contract.ts.source: OK
raw/sources/src/tier4/process-virtual-deployment.ts.source: OK
raw/sources/src/tier4/process-checkpoint-active-release.ts.source: OK
raw/sources/src/tier4/topology.ts.source: OK
raw/sources/src/tier4/process-values.ts.source: OK
raw/sources/src/tier4/process-virtual-worker-v4.ts.source: OK
raw/sources/src/tier4/process-worker-launch-custody.ts.source: OK
raw/sources/src/tier4/process-virtual-artifact-v4-core.ts.source: OK
raw/sources/src/tier4/native-fallback-runner.ts.source: OK
raw/sources/src/tier4/host.ts.source: OK
raw/sources/src/tier4/packed-native-process.ts.source: OK
raw/sources/src/tier4/process-channel.ts.source: OK
raw/sources/src/tier4/process-semantic-retention.ts.source: OK
raw/sources/src/tier4/process-virtual-worker-contract.ts.source: OK
raw/sources/src/tier4/surfaces.ts.source: OK
raw/sources/src/tier4/process-execution-wire.ts.source: OK
raw/sources/src/tier4/native-fallback-driver-v1.c.source: OK
raw/sources/src/tier4/process-checkpoint-contract.ts.source: OK
raw/sources/src/tier4/index.ts.source: OK
raw/sources/src/tier2/resource-budget.ts.source: OK
raw/sources/src/tier2/budgeted-sink-authority.ts.source: OK
raw/sources/src/tier2/attested-sink-budget-evidence.ts.source: OK
raw/sources/src/tier2/hard-solver.ts.source: OK
raw/sources/src/tier2/portable-proof-producer.ts.source: OK
raw/sources/src/tier2/adapter-admission-registry.ts.source: OK
raw/sources/src/tier2/portable-proof-checker.ts.source: OK
raw/sources/src/tier2/portable-linear-kernel.ts.source: OK
raw/sources/src/tier2/budget-journal-mirror.ts.source: OK
raw/sources/src/tier2/portable-linear-producer.ts.source: OK
raw/sources/src/tier2/external-solver.ts.source: OK
raw/sources/src/tier2/typecheck.ts.source: OK
raw/sources/src/tier2/isolated-wasm-worker.ts.source: OK
raw/sources/src/tier2/effect-resource-policy.ts.source: OK
raw/sources/src/tier2/trusted-clock-anchor.ts.source: OK
raw/sources/src/tier2/portable-formula.ts.source: OK
raw/sources/src/tier2/verify.ts.source: OK
raw/sources/src/tier2/isolated-wasm-adapter.ts.source: OK
raw/sources/src/tier2/declarative-sink-table.ts.source: OK
raw/sources/src/tier2/ocap.ts.source: OK
raw/sources/src/tier2/smt.ts.source: OK
raw/sources/src/tier2/incremental.ts.source: OK
raw/sources/src/tier2/solver.ts.source: OK
raw/sources/src/tier2/scoped-grants.ts.source: OK
raw/sources/src/tier2/record-fallback-proof-producer.ts.source: OK
raw/sources/src/tier2/proof-cache.ts.source: OK
raw/sources/src/tier2/spec.ts.source: OK
raw/sources/src/tier2/grant-epochs.ts.source: OK
raw/sources/src/tier2/portable-formula-checker.ts.source: OK
raw/sources/src/tier2/record-fallback-proof-checker.ts.source: OK
raw/sources/src/tier2/resource-budget-bridge.ts.source: OK
raw/sources/src/tier2/adapter-artifact.ts.source: OK
raw/sources/src/tier2/portable-obligations.ts.source: OK
raw/sources/src/tier2/effect-signer-anchor.ts.source: OK
raw/sources/src/tier2/portable-formula-producer.ts.source: OK
raw/sources/src/tier2/index.ts.source: OK
raw/sources/src/index.ts.source: OK
raw/sources/src/projection/diff.ts.source: OK
raw/sources/src/projection/parse.ts.source: OK
raw/sources/src/projection/lsp.ts.source: OK
raw/sources/src/projection/executable-continuation-plan.ts.source: OK
raw/sources/src/projection/executable-strings.ts.source: OK
raw/sources/src/projection/executable-contract-certificates.ts.source: OK
raw/sources/src/projection/executable-atomic.ts.source: OK
raw/sources/src/projection/executable-link.ts.source: OK
raw/sources/src/projection/lexer.ts.source: OK
raw/sources/src/projection/executable.ts.source: OK
raw/sources/src/projection/executable-generic-plan.ts.source: OK
raw/sources/src/projection/rust.ts.source: OK
raw/sources/src/projection/executable-bindings.ts.source: OK
raw/sources/src/projection/executable-composites.ts.source: OK
raw/sources/src/projection/names.ts.source: OK
raw/sources/src/projection/typescript.ts.source: OK
raw/sources/src/projection/python.ts.source: OK
raw/sources/src/projection/executable-runtime.ts.source: OK
raw/sources/src/projection/coverage.ts.source: OK
raw/sources/src/projection/executable-declarations.ts.source: OK
raw/sources/src/projection/executable-string-data.ts.source: OK
raw/sources/src/projection/executable-continuations.ts.source: OK
raw/sources/src/projection/executable-generics.ts.source: OK
raw/sources/src/projection/executable-contract-closures.ts.source: OK
raw/sources/src/projection/index.ts.source: OK
raw/pigeonhole-hard-1-trial-4.json: OK
raw/pigeonhole-hard-1-trial-3.json: OK
raw/actual-function-1-trial-3.json: OK
raw/linear-counterexample-1-trial-1.json: OK
raw/boolean-tautology-1-trial-4.json: OK
raw/wide-boolean-1-warmup-1.json: OK
raw/linear-counterexample-1-trial-0.json: OK
raw/actual-function-1-trial-2.json: OK
raw/pigeonhole-hard-1-trial-2.json: OK
copied-verify.log: OK
