{
  "pass": true,
  "byCase": [
    {
      "caseId": "boolean-tautology/1",
      "count": 5,
      "p50Ms": 69.469,
      "p95Ms": 72.552541,
      "p99Ms": 72.552541,
      "maximumMs": 72.552541,
      "pass": true
    },
    {
      "caseId": "linear-valid/1",
      "count": 5,
      "p50Ms": 72.391042,
      "p95Ms": 73.01125,
      "p99Ms": 73.01125,
      "maximumMs": 73.01125,
      "pass": true
    },
    {
      "caseId": "linear-counterexample/1",
      "count": 5,
      "p50Ms": 70.503292,
      "p95Ms": 71.895833,
      "p99Ms": 71.895833,
      "maximumMs": 71.895833,
      "pass": true
    },
    {
      "caseId": "wide-boolean/1",
      "count": 5,
      "p50Ms": 80.54575,
      "p95Ms": 81.277125,
      "p99Ms": 81.277125,
      "maximumMs": 81.277125,
      "pass": true
    },
    {
      "caseId": "actual-function/1",
      "count": 5,
      "p50Ms": 68.461,
      "p95Ms": 70.97,
      "p99Ms": 70.97,
      "maximumMs": 70.97,
      "pass": true
    },
    {
      "caseId": "pigeonhole-hard/1",
      "count": 5,
      "p50Ms": 1482.553042,
      "p95Ms": 1483.031083,
      "p99Ms": 1483.031083,
      "maximumMs": 1483.031083,
      "pass": true
    }
  ],
  "overall": {
    "count": 30,
    "p50Ms": 71.895833,
    "p95Ms": 1482.91875,
    "p99Ms": 1483.031083,
    "maximumMs": 1483.031083,
    "pass": true
  }
}
