✔ unused declarative registration retires with independent dispatch proof, unchanged AST and retained source bytes (3266.095375ms)
✔ exported, protected and signed-fenced adapter consumers cannot be retired (3310.2975ms)
✔ active tasks, replay and unstable replication keep every referenced adapter; audit retains history without activating dead code (5147.266208ms)
✔ one retained executable reference combines its module and exact dependency declarations (3265.463333ms)
✔ retained executable dependencies without a module or with conflicting definitions fail closed (2025.112834ms)
✔ retained module with a missing dependency callee refuses retirement (979.739792ms)
✔ new retention before publication and unsigned candidate policy refuse advancement (1978.323375ms)
✔ retention publication fence serializes a task pin from another process (963.25675ms)
✔ altered mapping, incomplete certificate and rehashed dishonest liveness fail independent validation (1829.06ms)
✔ unresolved/dynamic retained execution and eager lifecycle registration fail closed (1188.137917ms)
✔ consumer validates with proof search physically replaced by a throwing stub (1984.97425ms)
✔ signed registry corruption and established state deletion cannot reset retired mappings (2211.446625ms)
✔ V2 sink retirement proves exact unused registration and rule removal without live mutation (1323.23775ms)
✔ exported, protected, fenced and retained sink consumers cannot retire (6372.213833ms)
✔ V2 sink retirement includes retained dependency capabilities and still removes unrelated sinks (3055.273875ms)
✔ V2 sink retirement rejects a retained dependency without its module (1117.96125ms)
✔ changed retention and dishonest liveness or table/rule edits fail independent verification (1374.478125ms)
✔ committed retirement proof remains auditable after later task pins but cannot be reused for a new commit (1534.866625ms)
✔ changed source/candidate roots, epochs and portable proof fail closed (1307.683916ms)
✔ independent verifier checks a portable proof when proof production is unavailable (1156.54025ms)
✔ descriptor binds only rewritten candidate Call objects and derives exact ordered event script (7.523958ms)
✔ checker refuses tampered script, site, root and forged digest even when resealed (8.167209ms)
✔ candidate Call object aliasing cannot turn an unrelated target call into a virtual site (1.11775ms)
✔ changed candidate, nonempty contracts and nonforwarding wrapper fail closed (1.844042ms)
✔ dynamic calls, annotation calls and absent rewritten sites are unsupported (1.160125ms)
✔ direct checkpoint pins exact module and external dependency before head publication and survives draft release, collection, and reopen (1561.00525ms)
✔ direct checkpoint rejects missing marker, replay records, graph leases, and collector profile on load and reopen (5212.532791ms)
✔ direct checkpoint rejects altered marker and cannot attach retention to a legacy journal (1419.327959ms)
✔ direct replay authority rejects a forged program digest before journal publication (384.189542ms)
✔ direct checkpoint before-head-publish fault leaves valid prior or next head with all replay pins (1872.838375ms)
✔ direct checkpoint after-head-publish fault leaves valid prior or next head with all replay pins (2017.026042ms)
✔ actual process death before-head-publish keeps direct checkpoint replay roots (2120.169875ms)
✔ actual process death after-head-publish keeps direct checkpoint replay roots (2261.149417ms)
✔ R2: the two runtimes agree on every generated case (449.852708ms)
✔ R2: a proved clause is elided; an unproved one is kept (13.040292ms)
✔ R2: eliding a proved clause cannot change an observable outcome (1072.322125ms)
✔ R2: a precondition is elided only when every call site proved it (11.103791ms)
✔ R2: security is not telemetry — capabilities survive stripping (4.213875ms)
✔ R2: an ungranted capability fails to compile, not at runtime (0.402167ms)
✔ R2: the stripped artifact is materially faster than the journaling one (37.076834ms)
✔ R2: loop invariants and variants carry no runtime cost (9.356708ms)
✔ R2: the compilation report says exactly what is unchecked and why (8.483542ms)
✔ R2: with no verification result, nothing is elided (1.33275ms)
✔ R2: a contract that does fail still faults in production (8.190916ms)
✔ G4: production telemetry sampling is opt-in and rate bounded (1.139666ms)
✔ nonempty nested frames and a pending task resume from real durable checkpoints with identical state/events (296.01ms)
✔ rewind restores active frames and registers and deterministically reexecutes the same continuation (127.663791ms)
✔ fresh process opens a mid-call checkpoint with pending task and completes the actual continuation (336.549417ms)
✔ closure captures retain capture-time scopes and shared sequence/result identity through resume (41.666667ms)
✔ record aliases/cycles and native inspection survive rewind and restore (8.114166ms)
✔ post-rewind externally held future references cannot alias divergent new allocations (2.57725ms)
✔ checkpoint validation rejects stale code/schema, corrupt frame PCs and altered inverse events (11.631375ms)
✔ durable checkpoint heads use generation CAS and verify separately persisted event bytes (162.224334ms)
✔ failed host allocations/corrections and precommit exceptions leave no unjournaled state (59.09675ms)
✔ asynchronous correction policy cannot authorize local or heap mutations (9.849084ms)
✔ retained rewind appends checked inverse history and cannot masquerade as version 1 (78.850958ms)
✔ fresh-process replay preserves allocation identity while divergence rejects a held future handle (230.468666ms)
✔ sequence callbacks, Result matching, fixed arithmetic, strings and quantifiers survive intermediate checkpoints (1372.712792ms)
✔ Atomic preserves successful return and restores heap on faults while keeping snapshots valid (56.592875ms)
✔ cumulative checkpoint byte refusal preserves the last complete rewindable safe point (28.42625ms)
✔ typed entry/allocation boundaries and serialized generic bindings reject incompatible values (9.47875ms)
✔ step quota options and every reconstructed inverse state are validated before restore (17.897625ms)
✔ nullable generic and checkpoint fields accept only null or their declared value schema (13.424167ms)
✔ compiled virtual forwarding retains wrapper and target guard denial timing before effects (27.574542ms)
✔ existing direct target calls do not acquire a virtual wrapper guard (16.162417ms)
✔ compiled consumer rejects a tampered descriptor and a changed candidate (2.249125ms)
✔ virtual target must be compiled locally, even when a remote call handler exists (2.249042ms)
✔ virtual forwarding cannot reuse v4 vetted admission for the candidate alone (0.733584ms)
✔ virtual forwarding cannot bind an effect router to the candidate root alone (0.751709ms)
✔ compiled virtual calls retain the checked candidate after caller mutation (2.357833ms)
✔ checked opt-in compiles exactly the source bytecode with archived wrapper frames (20.38675ms)
✔ tight bytecode quotas, effect instruction timing, direct calls and frames match source (4642.554333ms)
✔ checkpoint after entering the archived wrapper restores and resumes identically (204.345542ms)
✔ fresh process restores the archived wrapper frame and reaches the same result (307.649791ms)
✔ direct replay retention keeps a virtual wrapper and target available after collection (2062.199083ms)
✔ unadmitted effect broker and ProcessHost routes reject the profile before side effects (1.672625ms)
✔ descriptor, archived declaration and manifest identity mismatches fail before execution (12.027625ms)
✔ checked virtual forwarding preserves exact finite-fuel faults, frames, callbacks and effects (295.224291ms)
✔ virtual forwarding is bound to the exact candidate and leaves original direct calls alone (2.739292ms)
✔ loaded virtual forwarding retains checked AST bytes after caller mutation (2.260375ms)
✔ a target fault retains the archived wrapper frame and fault bindings (50.107291ms)
✔ virtual forwarding refuses an effect router until its manifest binds the sidecar (0.815084ms)
✔ host-bound semantic retention pins exact task/replay roots before checkpoint publication and survives direct collection and reopen (7325.203916ms)
✔ host-bound retention rejects removed marker, missing AST root and wrong authority on reopen (5549.362167ms)
✔ retention loss at the host publication phase blocks the durable heap decision (5921.904375ms)
✔ controller death before pin and after checkpoint decision preserves the correct AST/lease ordering (13662.5325ms)
ℹ tests 86
ℹ suites 0
ℹ pass 86
ℹ fail 0
ℹ cancelled 0
ℹ skipped 0
ℹ todo 0
ℹ duration_ms 108325.809292
