✔ V5 parses visible Atomic bodies and rejects altered rollback scaffolding; V4 stays closed (266.339583ms)
✔ development reference establishes return/rollback/effect and settled-task allocation semantics (3.317ms)
✔ actual typescript Atomic matches reference rollback and nonlocal return semantics (595.748375ms)
✔ actual python Atomic matches reference rollback and nonlocal return semantics (64.997375ms)
✔ actual rust Atomic matches reference rollback and nonlocal return semantics (1513.021625ms)
✔ actual typescript Atomic restores state and native step counter after authority and budget faults (88.513208ms)
✔ actual python Atomic restores state and native step counter after authority and budget faults (46.965375ms)
✔ actual rust Atomic restores state and native step counter after authority and budget faults (766.40525ms)
✔ V12 parses visible blockless bindings to the exact root and guards slot scaffolding (114.914125ms)
✔ each blockless If, While and Atomic shape independently selects V12 (20.205542ms)
✔ V12 reference run covers selected branches, skipped bindings, loop rebinding, Atomic, assignment and shadow fallback (1.151709ms)
✔ V12 explicitly rejects invalid blockless binding types (0.64425ms)
✔ V12 profile propagates through an exact-address import closure (28.773542ms)
✔ V12 actual typescript execution matches reference binding outcomes (419.549166ms)
✔ V12 actual python execution matches reference binding outcomes (51.191875ms)
✔ V12 actual rust execution matches reference binding outcomes (3819.637167ms)
✔ composite profiles preserve exact AST identities and parse visible collection/field edits (146.590292ms)
✔ actual typescript composite execution preserves aliasing, old records, lazy Result branches, callbacks and write order (99.180958ms)
✔ actual python composite execution preserves aliasing, old records, lazy Result branches, callbacks and write order (61.901209ms)
✔ actual rust composite execution preserves aliasing, old records, lazy Result branches, callbacks and write order (3816.311958ms)
✔ continuation source keeps bodies visible and validates capture scaffolding (129.718708ms)
✔ actual typescript closures/tasks preserve captures, identity and effect authority (92.29825ms)
✔ actual python closures/tasks preserve captures, identity and effect authority (51.62275ms)
✔ actual rust closures/tasks preserve captures, identity and effect authority (830.417625ms)
✔ actual typescript completed tasks retain results under revocation without redispatch (82.663959ms)
✔ actual python completed tasks retain results under revocation without redispatch (42.603416ms)
✔ actual rust completed tasks retain results under revocation without redispatch (750.6045ms)
✔ indirect contract callbacks fail explicitly and blockless bindings select V12 (40.731833ms)
✔ V11 parses visible pure contract calls and preserves exact AST identities (55.50275ms)
✔ V11 rejects undeclared purity, unsynthesized and indirect paths through contract callees (9.466042ms)
✔ V11 resolves a pure contract callee through an exact-address dependency (31.04275ms)
✔ V11 actual typescript contract calls enforce pre and postconditions after mutation (409.802208ms)
✔ V11 actual python contract calls enforce pre and postconditions after mutation (36.716208ms)
✔ V11 actual rust contract calls enforce pre and postconditions after mutation (3602.421375ms)
✔ V13 contract calls accept read-only composite inputs and pure sequence folds (85.078458ms)
✔ V13 rejects mutable and effectful contract callees, including transitive paths (46.702416ms)
✔ a valid pure closure predicate remains an explicit G1 projection gap (3.345459ms)
✔ V13 carries typed contract helpers through an exact-address import closure (28.076416ms)
✔ V13 actual typescript composite contract checks pass and fail before body execution (391.19025ms)
✔ V13 actual python composite contract checks pass and fail before body execution (44.387208ms)
✔ V13 actual rust composite contract checks pass and fail before body execution (3852.539166ms)
✔ V9 round-trips null bodies exactly and rejects changed executable scaffolding (29.796542ms)
✔ V9 propagates unsynthesized dependency identity through exact-address imports (26.909458ms)
✔ V9 actual typescript declaration traps while synthesized code executes (393.685042ms)
✔ V9 actual python declaration traps while synthesized code executes (38.562ms)
✔ V9 actual rust declaration traps while synthesized code executes (3747.761875ms)
✔ scalar native profiles round-trip all emitted control flow and parse actual visible edits (127.264208ms)
✔ unsupported projected AST and host syntax reject rather than use placeholders or hidden IR (29.119625ms)
✔ actual typescript execution preserves booleans, arbitrary integers, negative division, overflow, contracts and effects (87.81625ms)
✔ actual python execution preserves booleans, arbitrary integers, negative division, overflow, contracts and effects (48.206084ms)
✔ actual rust execution preserves booleans, arbitrary integers, negative division, overflow, contracts and effects (604.729292ms)
✔ declared scalar kinds retain type declarations, surfaces, branch shape and contract metadata (12.001625ms)
✔ generic captured closures and tasks round trip and execute in typescript (96.261792ms)
✔ generic captured closures and tasks round trip and execute in python (41.713708ms)
✔ generic captured closures and tasks round trip and execute in rust (773.833834ms)
✔ generic/nested AST identities and visible type witnesses round trip; unsupported open contexts reject (343.059916ms)
✔ reference interpreter establishes nested generic container and capability results (2.746834ms)
✔ actual typescript generic/nested source edits preserve containers and reject false witnesses before effects (507.95425ms)
✔ actual python generic/nested source edits preserve containers and reject false witnesses before effects (108.770417ms)
✔ actual rust generic/nested source edits preserve containers and reject false witnesses before effects (853.945917ms)
✔ every declared AST kind has a representative exact-root TS/Python/Rust round trip (475.364542ms)
✔ new Cond/ForAll/Surface/Un/Yield fixture matches the reference runtime (0.7525ms)
✔ free type variables without a binding are explicitly rejected in all targets (1.734333ms)
✔ actual typescript completes five missing AST kinds (352.294708ms)
✔ actual python completes five missing AST kinds (36.984041ms)
✔ actual rust completes five missing AST kinds (3368.008583ms)
✔ actual typescript standard ledger preserves aliases, transfer/settle contracts and grants (109.355209ms)
✔ actual python standard ledger preserves aliases, transfer/settle contracts and grants (59.244667ms)
✔ actual rust standard ledger preserves aliases, transfer/settle contracts and grants (3638.36775ms)
✔ H1/H2: Rust and Python projections expose the same semantic functions (2.72025ms)
✔ H4: structural diff projection renders only changed graph paths (4.159583ms)
✔ H3: projection language server applies a text edit through a branch CAS (524.804ms)
✔ J5: every AST kind has explicit projection support metadata (0.866833ms)
✔ J6: standard LSP frames decode incrementally and syntax errors become diagnostics (468.006208ms)
✔ V8 nested imports retain exact module/address identity and reject altered or missing dependencies (79.732667ms)
✔ V8 closes a transitive nested import inside an addressed dependency (1226.041917ms)
✔ actual typescript nested exact-address import executes the same result (380.15075ms)
✔ actual python nested exact-address import executes the same result (41.21ms)
✔ actual rust nested exact-address import executes the same result (669.904792ms)
✔ edited nested TypeScript dependency rebinds its address and runs the changed program (84.968041ms)
✔ V10 keeps quantifier and Result binders local inside old snapshots (45.984125ms)
✔ V10 actual typescript old-binder execution sees pre-state (405.830541ms)
✔ V10 actual python old-binder execution sees pre-state (43.869958ms)
✔ V10 actual rust old-binder execution sees pre-state (3935.414875ms)
✔ Risk R3: parse(project(x)) is the identical node, not merely an equivalent one (10.383ms)
✔ the round trip is idempotent under repetition (1.661333ms)
✔ a human edit to the projection lands as a node mutation (7.184916ms)
✔ randomly generated expressions survive the round trip (4.398917ms)
✔ precedence is preserved without over-parenthesising (0.127583ms)
✔ an unsynthesized contract projects and parses as a body-less declaration (0.175ms)
✔ out-of-scope identifiers are rejected rather than silently bound (0.22475ms)
✔ result and old are only special inside an ensures clause (0.0525ms)
✔ capabilities and provenance survive the projection (0.308833ms)
✔ the auditor view adds causal lineage without changing the code (3.463ms)
✔ pinned Unicode17 tables cover every scalar mapping of the actual TypeScript reference (262.862667ms)
✔ V6 exact import closure round trips; missing, altered and unselected dependencies reject (374.401417ms)
✔ actual typescript linked imports and Unicode operations match TypeScript reference (594.899292ms)
✔ actual python linked imports and Unicode operations match TypeScript reference (697.425334ms)
✔ actual rust linked imports and Unicode operations match TypeScript reference (1470.879041ms)
ℹ tests 99
ℹ suites 0
ℹ pass 99
ℹ fail 0
ℹ cancelled 0
ℹ skipped 0
ℹ todo 0
ℹ duration_ms 52097.521583
