
> @ghostlygawd/aether@0.1.0 bench:v4:measure
> node --experimental-strip-types bench/v4/cli.ts --measure --output docs/implementation/v4/evidence/integration-244684b/bench

pass         V4-NFR-11 aggregate:warmMessage: 5.629032258064516 baseline/candidate tokens [required]
pass         V4-NFR-11 aggregate:warmBody: 5.629032258064516 baseline/candidate tokens [diagnostic]
fail         V4-NFR-11 aggregate:cold: 0.9410503751339764 baseline/candidate tokens [diagnostic]
fail         V4-NFR-11 aggregate:fullSession: 1.140821458507963 baseline/candidate tokens [diagnostic]
pass         V4-NFR-11 ledger-warm-v6/1:warmMessage: 5.629032258064516 baseline/candidate tokens [required]
pass         V4-NFR-11 ledger-warm-v6/1:warmBody: 5.629032258064516 baseline/candidate tokens [diagnostic]
fail         V4-NFR-11 ledger-warm-v6/1:cold: 0.9410503751339764 baseline/candidate tokens [diagnostic]
fail         V4-NFR-11 ledger-warm-v6/1:fullSession: 1.140821458507963 baseline/candidate tokens [diagnostic]
not_measured V4-NFR-01 ast.retrieval: unmeasured ms [required]
not_measured V4-NFR-02 replication.convergence: unmeasured ms [required]
not_measured V4-NFR-03 checkpoint.rollback: unmeasured ms [required]
not_measured V4-NFR-04 fallback.dispatch: unmeasured ns [required]
not_measured V4-NFR-05 certificate.check: unmeasured µs [required]
not_measured V4-NFR-06 unikernel.boot: unmeasured ms/MB [required]
not_measured V4-NFR-07 state_lens.overhead: unmeasured % [required]
not_measured V4-NFR-08 smt.cutoff: unmeasured ms [required]
not_measured V4-NFR-09 projection.throughput: unmeasured lines/sec [required]
not_measured V4-NFR-10 zk.verification: unmeasured ms [required]
not_measured V4-NFR-12 multimodal.extraction: unmeasured ms [required]
not_measured V4-NFR-13 mutation.safety: unmeasured agents [required]
not_measured V4-NFR-14 graph.capacity: unmeasured nodes [required]
not_measured V4-NFR-15 execution.determinism: unmeasured identity [required]
not_measured V4-NFR-16 capability.containment: unmeasured probability [required]
Evidence: /Users/rhenmcleod/Repositories/swarm-experiment/docs/implementation/v4/evidence/integration-244684b/bench/manifest.json
15 required targets remain unsatisfied; mode=measure.
