✔ V5 parses visible Atomic bodies and rejects altered rollback scaffolding; V4 stays closed (222.05075ms)
✔ development reference establishes return/rollback/effect and settled-task allocation semantics (2.239083ms)
✔ actual typescript Atomic matches reference rollback and nonlocal return semantics (656.920917ms)
✔ actual python Atomic matches reference rollback and nonlocal return semantics (70.778ms)
✔ actual rust Atomic matches reference rollback and nonlocal return semantics (1702.355583ms)
✔ actual typescript Atomic restores state and native step counter after authority and budget faults (92.867ms)
✔ actual python Atomic restores state and native step counter after authority and budget faults (50.437542ms)
✔ actual rust Atomic restores state and native step counter after authority and budget faults (864.282375ms)
✔ V12 parses visible blockless bindings to the exact root and guards slot scaffolding (117.133542ms)
✔ each blockless If, While and Atomic shape independently selects V12 (19.44ms)
✔ V12 reference run covers selected branches, skipped bindings, loop rebinding, Atomic, assignment and shadow fallback (1.150625ms)
✔ V12 explicitly rejects invalid blockless binding types (0.557333ms)
✔ V12 profile propagates through an exact-address import closure (27.476292ms)
✔ V12 actual typescript execution matches reference binding outcomes (427.309208ms)
✔ V12 actual python execution matches reference binding outcomes (46.285542ms)
✔ V12 actual rust execution matches reference binding outcomes (3966.662333ms)
✔ composite profiles preserve exact AST identities and parse visible collection/field edits (149.349042ms)
✔ actual typescript composite execution preserves aliasing, old records, lazy Result branches, callbacks and write order (99.547916ms)
✔ actual python composite execution preserves aliasing, old records, lazy Result branches, callbacks and write order (67.309375ms)
✔ actual rust composite execution preserves aliasing, old records, lazy Result branches, callbacks and write order (3748.9095ms)
✔ continuation source keeps bodies visible and validates capture scaffolding (125.876917ms)
✔ actual typescript closures/tasks preserve captures, identity and effect authority (92.863334ms)
✔ actual python closures/tasks preserve captures, identity and effect authority (59.298833ms)
✔ actual rust closures/tasks preserve captures, identity and effect authority (867.3625ms)
✔ actual typescript completed tasks retain results under revocation without redispatch (81.866125ms)
✔ actual python completed tasks retain results under revocation without redispatch (51.642958ms)
✔ actual rust completed tasks retain results under revocation without redispatch (755.809458ms)
✔ indirect contract callbacks fail explicitly and blockless bindings select V12 (38.873458ms)
✔ V11 parses visible pure contract calls and preserves exact AST identities (56.328292ms)
✔ V11 rejects undeclared purity, unsynthesized and indirect paths through contract callees (8.829667ms)
✔ V11 resolves a pure contract callee through an exact-address dependency (30.638667ms)
✔ V11 actual typescript contract calls enforce pre and postconditions after mutation (403.822625ms)
✔ V11 actual python contract calls enforce pre and postconditions after mutation (44.843166ms)
✔ V11 actual rust contract calls enforce pre and postconditions after mutation (3845.749875ms)
✔ V17 checked function values and direct lazy tasks parse to exact roots (698.221667ms)
✔ V15 certificates close over an exact-address imported scalar factory (37.397709ms)
✔ V17 actual typescript contract admits pure lazy tasks and refuses raw/record captures (477.254125ms)
✔ V17 actual python contract admits pure lazy tasks and refuses raw/record captures (88.697042ms)
✔ V17 actual rust contract admits pure lazy tasks and refuses raw/record captures (4180.588583ms)
✔ V17 actual typescript refuses a certified closure after host capture mutation (114.451208ms)
✔ V17 actual python refuses a certified closure after host capture mutation (65.812125ms)
✔ V14 round-trips exact closure contracts and rejects hidden native capture edits (74.616333ms)
✔ V14 retains bounded refusals while V15 admits checked function values and scalar locals (64.8965ms)
✔ V14 binds a read-only closure factory through an exact-address import (29.625708ms)
✔ V14 actual typescript scalar-capture closure contracts match reference outcomes (439.502ms)
✔ V14 actual python scalar-capture closure contracts match reference outcomes (48.202834ms)
✔ V14 actual rust scalar-capture closure contracts match reference outcomes (4264.060167ms)
✔ V13 contract calls accept read-only composite inputs and pure sequence folds (89.600375ms)
✔ V13 rejects mutable and effectful contract callees, including transitive paths (47.370834ms)
✔ V13 still rejects a valid pure closure predicate while V14 admits its exact root (11.251834ms)
✔ V13 carries typed contract helpers through an exact-address import closure (28.111542ms)
✔ V13 actual typescript composite contract checks pass and fail before body execution (416.115709ms)
✔ V13 actual python composite contract checks pass and fail before body execution (45.895416ms)
✔ V13 actual rust composite contract checks pass and fail before body execution (3864.424875ms)
✔ V15 checks both direct branch-return closure factory arms (33.322ms)
✔ V16 checks both branch-local captures while V15 retains its refusal (25.174208ms)
✔ V16 checks the quantifier binder inside a closure while V15 refuses it (15.926333ms)
✔ V16 binds the exact pure helper into a passed closure certificate (23.698167ms)
✔ V16 binds an imported pure helper address and body into the closure certificate (32.077417ms)
✔ V18 record-task field reads retain exact AST identity and V17 refuses the new profile (122.466875ms)
✔ V18 actual typescript awaits fresh record tasks with zero ambient effects (429.423541ms)
✔ V18 actual python awaits fresh record tasks with zero ambient effects (52.765708ms)
✔ V18 actual rust awaits fresh record tasks with zero ambient effects (3685.891583ms)
✔ V9 round-trips null bodies exactly and rejects changed executable scaffolding (29.77725ms)
✔ V9 propagates unsynthesized dependency identity through exact-address imports (26.358334ms)
✔ V9 actual typescript declaration traps while synthesized code executes (389.969958ms)
✔ V9 actual python declaration traps while synthesized code executes (48.296458ms)
✔ V9 actual rust declaration traps while synthesized code executes (3700.059792ms)
✔ scalar native profiles round-trip all emitted control flow and parse actual visible edits (126.741083ms)
✔ unsupported projected AST and host syntax reject rather than use placeholders or hidden IR (27.786667ms)
✔ actual typescript execution preserves booleans, arbitrary integers, negative division, overflow, contracts and effects (90.719291ms)
✔ actual python execution preserves booleans, arbitrary integers, negative division, overflow, contracts and effects (54.739459ms)
✔ actual rust execution preserves booleans, arbitrary integers, negative division, overflow, contracts and effects (647.89925ms)
✔ declared scalar kinds retain type declarations, surfaces, branch shape and contract metadata (13.651375ms)
✔ generic captured closures and tasks round trip and execute in typescript (103.440917ms)
✔ generic captured closures and tasks round trip and execute in python (57.772291ms)
✔ generic captured closures and tasks round trip and execute in rust (856.734708ms)
✔ generic/nested AST identities and visible type witnesses round trip; unsupported open contexts reject (336.673958ms)
✔ reference interpreter establishes nested generic container and capability results (2.741333ms)
✔ actual typescript generic/nested source edits preserve containers and reject false witnesses before effects (476.74425ms)
✔ actual python generic/nested source edits preserve containers and reject false witnesses before effects (116.467917ms)
✔ actual rust generic/nested source edits preserve containers and reject false witnesses before effects (922.286292ms)
✔ every declared AST kind has a representative exact-root TS/Python/Rust round trip (497.256ms)
✔ new Cond/ForAll/Surface/Un/Yield fixture matches the reference runtime (0.698375ms)
✔ free type variables without a binding are explicitly rejected in all targets (1.755708ms)
✔ actual typescript completes five missing AST kinds (360.98125ms)
✔ actual python completes five missing AST kinds (37.892125ms)
✔ actual rust completes five missing AST kinds (3545.088375ms)
✔ actual typescript standard ledger preserves aliases, transfer/settle contracts and grants (120.26125ms)
✔ actual python standard ledger preserves aliases, transfer/settle contracts and grants (64.692542ms)
✔ actual rust standard ledger preserves aliases, transfer/settle contracts and grants (3687.202125ms)
✔ H1/H2: Rust and Python projections expose the same semantic functions (2.613125ms)
✔ H4: structural diff projection renders only changed graph paths (4.362125ms)
✔ H3: projection language server applies a text edit through a branch CAS (581.976667ms)
✔ J5: every AST kind has explicit projection support metadata (0.883292ms)
✔ J6: standard LSP frames decode incrementally and syntax errors become diagnostics (535.576166ms)
✔ V8 nested imports retain exact module/address identity and reject altered or missing dependencies (75.36275ms)
✔ V8 closes a transitive nested import inside an addressed dependency (1233.0995ms)
✔ actual typescript nested exact-address import executes the same result (402.567292ms)
✔ actual python nested exact-address import executes the same result (45.252584ms)
✔ actual rust nested exact-address import executes the same result (729.208ms)
✔ edited nested TypeScript dependency rebinds its address and runs the changed program (86.666166ms)
✔ V10 keeps quantifier and Result binders local inside old snapshots (45.974833ms)
✔ V10 actual typescript old-binder execution sees pre-state (388.738833ms)
✔ V10 actual python old-binder execution sees pre-state (46.158875ms)
✔ V10 actual rust old-binder execution sees pre-state (3368.938417ms)
✔ V16 keeps the pinned V15 source and runtime bytes in all three targets (29.7915ms)
✔ V17 keeps pinned V16 source and runtime bytes in all three targets (31.192583ms)
✔ V18 keeps pinned V17 source and runtime bytes in all three targets (25.175125ms)
✔ Risk R3: parse(project(x)) is the identical node, not merely an equivalent one (10.863584ms)
✔ the round trip is idempotent under repetition (1.772375ms)
✔ a human edit to the projection lands as a node mutation (7.808208ms)
✔ randomly generated expressions survive the round trip (4.678209ms)
✔ precedence is preserved without over-parenthesising (0.185292ms)
✔ an unsynthesized contract projects and parses as a body-less declaration (0.203166ms)
✔ out-of-scope identifiers are rejected rather than silently bound (0.240125ms)
✔ result and old are only special inside an ensures clause (0.058166ms)
✔ capabilities and provenance survive the projection (0.422875ms)
✔ the auditor view adds causal lineage without changing the code (3.667375ms)
✔ pinned Unicode17 tables cover every scalar mapping of the actual TypeScript reference (275.396959ms)
✔ V6 exact import closure round trips; missing, altered and unselected dependencies reject (369.417583ms)
✔ actual typescript linked imports and Unicode operations match TypeScript reference (584.07175ms)
✔ actual python linked imports and Unicode operations match TypeScript reference (710.742ms)
✔ actual rust linked imports and Unicode operations match TypeScript reference (1579.400041ms)
✔ V18 closes record-field reads from the prior 13×5 corpus and retains task identity gap (1229.944709ms)
✔ V18 generated 15×5 corpus exposes remaining task identity and sequence gaps (1379.433167ms)
✔ V17 projection round-trips the previous 11×5 valid contract contexts (1164.620375ms)
ℹ tests 127
ℹ suites 0
ℹ pass 127
ℹ fail 0
ℹ cancelled 0
ℹ skipped 0
ℹ todo 0
ℹ duration_ms 73341.576583
