✔ same signed effectful candidate survives scheduler, memory, corrupted network and out-of-order cases (1001.501209ms)
✔ signed broken effectful candidate shrinks and replays interleaving failures durably (905.607ms)
✔ one signed candidate survives TCP faults, real post-sink SIGKILL, recovery and all generated schedules (1137.638958ms)
✔ signed resource case executes with independently measured resident process pressure (198.270125ms)
✔ physical pressure worker refuses an authorization signed by another key before execution (109.2635ms)
✔ versioned integrated audit refuses a changed physical pressure observation (5793.704458ms)
✔ unknown signed post-sink result cannot pass the integrated candidate campaign (873.698083ms)
✔ V5 parses visible Atomic bodies and rejects altered rollback scaffolding; V4 stays closed (116.620125ms)
✔ development reference establishes return/rollback/effect and settled-task allocation semantics (1.927667ms)
✔ actual typescript Atomic matches reference rollback and nonlocal return semantics (419.268ms)
✔ actual python Atomic matches reference rollback and nonlocal return semantics (56.202417ms)
✔ actual rust Atomic matches reference rollback and nonlocal return semantics (1642.745625ms)
✔ actual typescript Atomic restores state and native step counter after authority and budget faults (97.519333ms)
✔ actual python Atomic restores state and native step counter after authority and budget faults (55.427291ms)
✔ actual rust Atomic restores state and native step counter after authority and budget faults (746.7135ms)
✔ V12 parses visible blockless bindings to the exact root and guards slot scaffolding (102.09425ms)
✔ each blockless If, While and Atomic shape independently selects V12 (18.206833ms)
✔ V12 reference run covers selected branches, skipped bindings, loop rebinding, Atomic, assignment and shadow fallback (1.071333ms)
✔ V12 explicitly rejects invalid blockless binding types (0.498166ms)
✔ V12 profile propagates through an exact-address import closure (25.977791ms)
✔ V12 actual typescript execution matches reference binding outcomes (407.944333ms)
✔ V12 actual python execution matches reference binding outcomes (52.565667ms)
✔ V12 actual rust execution matches reference binding outcomes (3815.503667ms)
✔ composite profiles preserve exact AST identities and parse visible collection/field edits (139.877875ms)
✔ actual typescript composite execution preserves aliasing, old records, lazy Result branches, callbacks and write order (101.74825ms)
✔ actual python composite execution preserves aliasing, old records, lazy Result branches, callbacks and write order (64.523916ms)
✔ actual rust composite execution preserves aliasing, old records, lazy Result branches, callbacks and write order (3563.193083ms)
✔ continuation source keeps bodies visible and validates capture scaffolding (125.760917ms)
✔ actual typescript closures/tasks preserve captures, identity and effect authority (97.311792ms)
✔ actual python closures/tasks preserve captures, identity and effect authority (60.947833ms)
✔ actual rust closures/tasks preserve captures, identity and effect authority (1111.750958ms)
✔ actual typescript completed tasks retain results under revocation without redispatch (102.840875ms)
✔ actual python completed tasks retain results under revocation without redispatch (49.103667ms)
✔ actual rust completed tasks retain results under revocation without redispatch (830.485542ms)
✔ indirect contract callbacks fail explicitly and blockless bindings select V12 (41.344166ms)
✔ V11 parses visible pure contract calls and preserves exact AST identities (56.191209ms)
✔ V11 rejects undeclared purity, unsynthesized and indirect paths through contract callees (9.550458ms)
✔ V11 resolves a pure contract callee through an exact-address dependency (31.626375ms)
✔ V11 actual typescript contract calls enforce pre and postconditions after mutation (442.001875ms)
✔ V11 actual python contract calls enforce pre and postconditions after mutation (47.118084ms)
✔ V11 actual rust contract calls enforce pre and postconditions after mutation (3849.39925ms)
✔ V17 checked function values and direct lazy tasks parse to exact roots (657.276ms)
✔ V15 certificates close over an exact-address imported scalar factory (36.499458ms)
✔ V17 actual typescript contract admits pure lazy tasks and refuses raw/record captures (451.781042ms)
✔ V17 actual python contract admits pure lazy tasks and refuses raw/record captures (73.16ms)
✔ V17 actual rust contract admits pure lazy tasks and refuses raw/record captures (4015.882375ms)
✔ V17 actual typescript refuses a certified closure after host capture mutation (106.986166ms)
✔ V17 actual python refuses a certified closure after host capture mutation (72.624917ms)
✔ V14 round-trips exact closure contracts and rejects hidden native capture edits (70.737708ms)
✔ V14 retains bounded refusals while V15 admits checked function values and scalar locals (61.911625ms)
✔ V14 binds a read-only closure factory through an exact-address import (28.236375ms)
✔ V14 actual typescript scalar-capture closure contracts match reference outcomes (402.162709ms)
✔ V14 actual python scalar-capture closure contracts match reference outcomes (49.074875ms)
✔ V14 actual rust scalar-capture closure contracts match reference outcomes (3671.353125ms)
✔ V13 contract calls accept read-only composite inputs and pure sequence folds (89.849542ms)
✔ V13 rejects mutable and effectful contract callees, including transitive paths (48.685125ms)
✔ V13 still rejects a valid pure closure predicate while V14 admits its exact root (11.428708ms)
✔ V13 carries typed contract helpers through an exact-address import closure (26.549458ms)
✔ V13 actual typescript composite contract checks pass and fail before body execution (404.175542ms)
✔ V13 actual python composite contract checks pass and fail before body execution (44.213125ms)
✔ V13 actual rust composite contract checks pass and fail before body execution (3649.659916ms)
✔ V15 checks both direct branch-return closure factory arms (30.880417ms)
✔ V16 checks both branch-local captures while V15 retains its refusal (22.891792ms)
✔ V16 checks the quantifier binder inside a closure while V15 refuses it (13.703542ms)
✔ V16 binds the exact pure helper into a passed closure certificate (21.745458ms)
✔ V16 binds an imported pure helper address and body into the closure certificate (30.356208ms)
✔ V18 record-task field reads retain exact AST identity and V17 refuses the new profile (120.133833ms)
✔ V18 actual typescript awaits fresh record tasks with zero ambient effects (406.871458ms)
✔ V18 actual python awaits fresh record tasks with zero ambient effects (46.936083ms)
✔ V18 actual rust awaits fresh record tasks with zero ambient effects (3742.051125ms)
✔ V9 round-trips null bodies exactly and rejects changed executable scaffolding (29.062125ms)
✔ V9 propagates unsynthesized dependency identity through exact-address imports (25.809833ms)
✔ V9 actual typescript declaration traps while synthesized code executes (391.431292ms)
✔ V9 actual python declaration traps while synthesized code executes (45.647542ms)
✔ V9 actual rust declaration traps while synthesized code executes (3472.990167ms)
✔ scalar native profiles round-trip all emitted control flow and parse actual visible edits (122.017208ms)
✔ unsupported projected AST and host syntax reject rather than use placeholders or hidden IR (27.336125ms)
✔ actual typescript execution preserves booleans, arbitrary integers, negative division, overflow, contracts and effects (84.649375ms)
✔ actual python execution preserves booleans, arbitrary integers, negative division, overflow, contracts and effects (55.25075ms)
✔ actual rust execution preserves booleans, arbitrary integers, negative division, overflow, contracts and effects (681.098416ms)
✔ declared scalar kinds retain type declarations, surfaces, branch shape and contract metadata (18.910416ms)
✔ generic captured closures and tasks round trip and execute in typescript (96.550041ms)
✔ generic captured closures and tasks round trip and execute in python (50.970417ms)
✔ generic captured closures and tasks round trip and execute in rust (1064.334208ms)
✔ generic/nested AST identities and visible type witnesses round trip; unsupported open contexts reject (350.536208ms)
✔ reference interpreter establishes nested generic container and capability results (2.670334ms)
✔ actual typescript generic/nested source edits preserve containers and reject false witnesses before effects (521.275167ms)
✔ actual python generic/nested source edits preserve containers and reject false witnesses before effects (127.150709ms)
✔ actual rust generic/nested source edits preserve containers and reject false witnesses before effects (991.505041ms)
✔ every declared AST kind has a representative exact-root TS/Python/Rust round trip (504.465208ms)
✔ new Cond/ForAll/Surface/Un/Yield fixture matches the reference runtime (0.66175ms)
✔ free type variables without a binding are explicitly rejected in all targets (1.529375ms)
✔ actual typescript completes five missing AST kinds (371.398042ms)
✔ actual python completes five missing AST kinds (41.13375ms)
✔ actual rust completes five missing AST kinds (3428.357083ms)
✔ actual typescript standard ledger preserves aliases, transfer/settle contracts and grants (125.919958ms)
✔ actual python standard ledger preserves aliases, transfer/settle contracts and grants (63.2365ms)
✔ actual rust standard ledger preserves aliases, transfer/settle contracts and grants (3881.397375ms)
✔ H1/H2: Rust and Python projections expose the same semantic functions (2.846959ms)
✔ H4: structural diff projection renders only changed graph paths (3.963125ms)
✔ H3: projection language server applies a text edit through a branch CAS (574.339667ms)
✔ J5: every AST kind has explicit projection support metadata (0.904041ms)
✔ J6: standard LSP frames decode incrementally and syntax errors become diagnostics (487.065125ms)
✔ V8 nested imports retain exact module/address identity and reject altered or missing dependencies (78.639208ms)
✔ V8 closes a transitive nested import inside an addressed dependency (1403.357583ms)
✔ actual typescript nested exact-address import executes the same result (398.723917ms)
✔ actual python nested exact-address import executes the same result (42.922333ms)
✔ actual rust nested exact-address import executes the same result (697.411791ms)
✔ edited nested TypeScript dependency rebinds its address and runs the changed program (99.026917ms)
✔ V10 keeps quantifier and Result binders local inside old snapshots (44.253625ms)
✔ V10 actual typescript old-binder execution sees pre-state (415.304083ms)
✔ V10 actual python old-binder execution sees pre-state (45.282083ms)
✔ V10 actual rust old-binder execution sees pre-state (3808.684ms)
✔ V16 keeps the pinned V15 source and runtime bytes in all three targets (30.785208ms)
✔ V17 keeps pinned V16 source and runtime bytes in all three targets (29.320667ms)
✔ V18 keeps pinned V17 source and runtime bytes in all three targets (22.919833ms)
✔ Risk R3: parse(project(x)) is the identical node, not merely an equivalent one (10.135334ms)
✔ the round trip is idempotent under repetition (1.566625ms)
✔ a human edit to the projection lands as a node mutation (7.244541ms)
✔ randomly generated expressions survive the round trip (4.373167ms)
✔ precedence is preserved without over-parenthesising (0.118625ms)
✔ an unsynthesized contract projects and parses as a body-less declaration (0.168125ms)
✔ out-of-scope identifiers are rejected rather than silently bound (0.242709ms)
✔ result and old are only special inside an ensures clause (0.050583ms)
✔ capabilities and provenance survive the projection (0.289708ms)
✔ the auditor view adds causal lineage without changing the code (3.43875ms)
✔ pinned Unicode17 tables cover every scalar mapping of the actual TypeScript reference (275.293541ms)
✔ V6 exact import closure round trips; missing, altered and unselected dependencies reject (415.04575ms)
✔ actual typescript linked imports and Unicode operations match TypeScript reference (665.1925ms)
✔ actual python linked imports and Unicode operations match TypeScript reference (733.278167ms)
✔ actual rust linked imports and Unicode operations match TypeScript reference (1696.061708ms)
✔ V18 closes record-field reads from the prior 13×5 corpus and retains task identity gap (1347.620167ms)
✔ V18 generated 15×5 corpus exposes remaining task identity and sequence gaps (1358.703042ms)
✔ V17 projection round-trips the previous 11×5 valid contract contexts (1120.605917ms)
ℹ tests 134
ℹ suites 0
ℹ pass 134
ℹ fail 0
ℹ cancelled 0
ℹ skipped 0
ℹ todo 0
ℹ duration_ms 82972.043917
