✔ V5 parses visible Atomic bodies and rejects altered rollback scaffolding; V4 stays closed (215.637958ms)
✔ development reference establishes return/rollback/effect and settled-task allocation semantics (2.034458ms)
✔ actual typescript Atomic matches reference rollback and nonlocal return semantics (622.773334ms)
✔ actual python Atomic matches reference rollback and nonlocal return semantics (70.835708ms)
✔ actual rust Atomic matches reference rollback and nonlocal return semantics (1521.23675ms)
✔ actual typescript Atomic restores state and native step counter after authority and budget faults (89.286292ms)
✔ actual python Atomic restores state and native step counter after authority and budget faults (57.107167ms)
✔ actual rust Atomic restores state and native step counter after authority and budget faults (791.266ms)
✔ V12 parses visible blockless bindings to the exact root and guards slot scaffolding (113.886667ms)
✔ each blockless If, While and Atomic shape independently selects V12 (19.277583ms)
✔ V12 reference run covers selected branches, skipped bindings, loop rebinding, Atomic, assignment and shadow fallback (1.134334ms)
✔ V12 explicitly rejects invalid blockless binding types (0.560875ms)
✔ V12 profile propagates through an exact-address import closure (28.644041ms)
✔ V12 actual typescript execution matches reference binding outcomes (414.961ms)
✔ V12 actual python execution matches reference binding outcomes (42.543ms)
✔ V12 actual rust execution matches reference binding outcomes (3876.671667ms)
✔ composite profiles preserve exact AST identities and parse visible collection/field edits (142.537209ms)
✔ actual typescript composite execution preserves aliasing, old records, lazy Result branches, callbacks and write order (100.396042ms)
✔ actual python composite execution preserves aliasing, old records, lazy Result branches, callbacks and write order (67.215875ms)
✔ actual rust composite execution preserves aliasing, old records, lazy Result branches, callbacks and write order (3500.021291ms)
✔ continuation source keeps bodies visible and validates capture scaffolding (131.655292ms)
✔ actual typescript closures/tasks preserve captures, identity and effect authority (97.2495ms)
✔ actual python closures/tasks preserve captures, identity and effect authority (62.592791ms)
✔ actual rust closures/tasks preserve captures, identity and effect authority (858.572792ms)
✔ actual typescript completed tasks retain results under revocation without redispatch (101.11725ms)
✔ actual python completed tasks retain results under revocation without redispatch (52.421417ms)
✔ actual rust completed tasks retain results under revocation without redispatch (758.831417ms)
✔ indirect contract callbacks fail explicitly and blockless bindings select V12 (53.121417ms)
✔ V11 parses visible pure contract calls and preserves exact AST identities (52.661625ms)
✔ V11 rejects undeclared purity, unsynthesized and indirect paths through contract callees (9.003416ms)
✔ V11 resolves a pure contract callee through an exact-address dependency (30.597667ms)
✔ V11 actual typescript contract calls enforce pre and postconditions after mutation (408.944792ms)
✔ V11 actual python contract calls enforce pre and postconditions after mutation (36.646083ms)
✔ V11 actual rust contract calls enforce pre and postconditions after mutation (3803.95075ms)
✔ V16 checked function values and dataflow factories parse to exact roots (607.463875ms)
✔ V15 certificates close over an exact-address imported scalar factory (39.162083ms)
✔ V16 actual typescript contract admits checked values and refuses raw/record captures (480.989917ms)
✔ V16 actual python contract admits checked values and refuses raw/record captures (73.856917ms)
✔ V16 actual rust contract admits checked values and refuses raw/record captures (3943.962958ms)
✔ V16 actual typescript refuses a certified closure after host capture mutation (103.918125ms)
✔ V16 actual python refuses a certified closure after host capture mutation (67.021459ms)
✔ V14 round-trips exact closure contracts and rejects hidden native capture edits (73.941625ms)
✔ V14 retains bounded refusals while V15 admits checked function values and scalar locals (64.520542ms)
✔ V14 binds a read-only closure factory through an exact-address import (29.221958ms)
✔ V14 actual typescript scalar-capture closure contracts match reference outcomes (392.303375ms)
✔ V14 actual python scalar-capture closure contracts match reference outcomes (50.203291ms)
✔ V14 actual rust scalar-capture closure contracts match reference outcomes (3516.406792ms)
✔ V13 contract calls accept read-only composite inputs and pure sequence folds (85.158709ms)
✔ V13 rejects mutable and effectful contract callees, including transitive paths (47.512166ms)
✔ V13 still rejects a valid pure closure predicate while V14 admits its exact root (10.814167ms)
✔ V13 carries typed contract helpers through an exact-address import closure (26.975875ms)
✔ V13 actual typescript composite contract checks pass and fail before body execution (392.515209ms)
✔ V13 actual python composite contract checks pass and fail before body execution (39.815583ms)
✔ V13 actual rust composite contract checks pass and fail before body execution (3756.842958ms)
✔ V15 checks both direct branch-return closure factory arms (33.14075ms)
✔ V16 checks both branch-local captures while V15 retains its refusal (25.264ms)
✔ V16 checks the quantifier binder inside a closure while V15 refuses it (15.838291ms)
✔ V16 binds the exact pure helper into a passed closure certificate (23.309541ms)
✔ V16 binds an imported pure helper address and body into the closure certificate (32.881708ms)
✔ V9 round-trips null bodies exactly and rejects changed executable scaffolding (32.102917ms)
✔ V9 propagates unsynthesized dependency identity through exact-address imports (29.552833ms)
✔ V9 actual typescript declaration traps while synthesized code executes (396.7375ms)
✔ V9 actual python declaration traps while synthesized code executes (33.695458ms)
✔ V9 actual rust declaration traps while synthesized code executes (3837.966916ms)
✔ scalar native profiles round-trip all emitted control flow and parse actual visible edits (130.508417ms)
✔ unsupported projected AST and host syntax reject rather than use placeholders or hidden IR (30.05875ms)
✔ actual typescript execution preserves booleans, arbitrary integers, negative division, overflow, contracts and effects (89.802625ms)
✔ actual python execution preserves booleans, arbitrary integers, negative division, overflow, contracts and effects (52.145875ms)
✔ actual rust execution preserves booleans, arbitrary integers, negative division, overflow, contracts and effects (630.884958ms)
✔ declared scalar kinds retain type declarations, surfaces, branch shape and contract metadata (20.408ms)
✔ generic captured closures and tasks round trip and execute in typescript (100.332667ms)
✔ generic captured closures and tasks round trip and execute in python (52.2975ms)
✔ generic captured closures and tasks round trip and execute in rust (870.240208ms)
✔ generic/nested AST identities and visible type witnesses round trip; unsupported open contexts reject (341.759584ms)
✔ reference interpreter establishes nested generic container and capability results (3.049792ms)
✔ actual typescript generic/nested source edits preserve containers and reject false witnesses before effects (504.379292ms)
✔ actual python generic/nested source edits preserve containers and reject false witnesses before effects (124.618208ms)
✔ actual rust generic/nested source edits preserve containers and reject false witnesses before effects (942.444708ms)
✔ every declared AST kind has a representative exact-root TS/Python/Rust round trip (557.198458ms)
✔ new Cond/ForAll/Surface/Un/Yield fixture matches the reference runtime (0.666417ms)
✔ free type variables without a binding are explicitly rejected in all targets (1.607791ms)
✔ actual typescript completes five missing AST kinds (370.408792ms)
✔ actual python completes five missing AST kinds (47.127625ms)
✔ actual rust completes five missing AST kinds (3716.890875ms)
✔ actual typescript standard ledger preserves aliases, transfer/settle contracts and grants (146.054ms)
✔ actual python standard ledger preserves aliases, transfer/settle contracts and grants (70.927792ms)
✔ actual rust standard ledger preserves aliases, transfer/settle contracts and grants (3790.147667ms)
✔ H1/H2: Rust and Python projections expose the same semantic functions (3.179ms)
✔ H4: structural diff projection renders only changed graph paths (4.066958ms)
✔ H3: projection language server applies a text edit through a branch CAS (675.811625ms)
✔ J5: every AST kind has explicit projection support metadata (1.645083ms)
✔ J6: standard LSP frames decode incrementally and syntax errors become diagnostics (626.226208ms)
✔ V8 nested imports retain exact module/address identity and reject altered or missing dependencies (78.218875ms)
✔ V8 closes a transitive nested import inside an addressed dependency (1260.042333ms)
✔ actual typescript nested exact-address import executes the same result (410.011542ms)
✔ actual python nested exact-address import executes the same result (43.663625ms)
✔ actual rust nested exact-address import executes the same result (735.1405ms)
✔ edited nested TypeScript dependency rebinds its address and runs the changed program (112.340792ms)
✔ V10 keeps quantifier and Result binders local inside old snapshots (46.617709ms)
✔ V10 actual typescript old-binder execution sees pre-state (405.061292ms)
✔ V10 actual python old-binder execution sees pre-state (46.14325ms)
✔ V10 actual rust old-binder execution sees pre-state (3877.861125ms)
✔ V16 keeps the pinned V15 source and runtime bytes in all three targets (31.322458ms)
✔ Risk R3: parse(project(x)) is the identical node, not merely an equivalent one (10.436458ms)
✔ the round trip is idempotent under repetition (1.798834ms)
✔ a human edit to the projection lands as a node mutation (7.906ms)
✔ randomly generated expressions survive the round trip (4.606125ms)
✔ precedence is preserved without over-parenthesising (0.177584ms)
✔ an unsynthesized contract projects and parses as a body-less declaration (0.199208ms)
✔ out-of-scope identifiers are rejected rather than silently bound (0.243042ms)
✔ result and old are only special inside an ensures clause (0.05475ms)
✔ capabilities and provenance survive the projection (0.338ms)
✔ the auditor view adds causal lineage without changing the code (3.611083ms)
✔ pinned Unicode17 tables cover every scalar mapping of the actual TypeScript reference (280.199458ms)
✔ V6 exact import closure round trips; missing, altered and unselected dependencies reject (390.6075ms)
✔ actual typescript linked imports and Unicode operations match TypeScript reference (598.453792ms)
✔ actual python linked imports and Unicode operations match TypeScript reference (719.502667ms)
✔ actual rust linked imports and Unicode operations match TypeScript reference (1581.530042ms)
✔ generated 11×5 valid contract contexts expose exact native projection misses (1047.056625ms)
ℹ tests 119
ℹ suites 0
ℹ pass 119
ℹ fail 0
ℹ cancelled 0
ℹ skipped 0
ℹ todo 0
ℹ duration_ms 65086.399584
