✔ V5 parses visible Atomic bodies and rejects altered rollback scaffolding; V4 stays closed (185.456375ms)
✔ development reference establishes return/rollback/effect and settled-task allocation semantics (2.245125ms)
✔ actual typescript Atomic matches reference rollback and nonlocal return semantics (490.354834ms)
✔ actual python Atomic matches reference rollback and nonlocal return semantics (61.013459ms)
✔ actual rust Atomic matches reference rollback and nonlocal return semantics (992.577042ms)
✔ actual typescript Atomic restores state and native step counter after authority and budget faults (91.43725ms)
✔ actual python Atomic restores state and native step counter after authority and budget faults (56.471333ms)
✔ actual rust Atomic restores state and native step counter after authority and budget faults (768.486584ms)
✔ V12 parses visible blockless bindings to the exact root and guards slot scaffolding (113.554708ms)
✔ each blockless If, While and Atomic shape independently selects V12 (18.057333ms)
✔ V12 reference run covers selected branches, skipped bindings, loop rebinding, Atomic, assignment and shadow fallback (1.170917ms)
✔ V12 explicitly rejects invalid blockless binding types (0.5675ms)
✔ V12 profile propagates through an exact-address import closure (27.637042ms)
✔ V12 actual typescript execution matches reference binding outcomes (432.661667ms)
✔ V12 actual python execution matches reference binding outcomes (48.7025ms)
✔ V12 actual rust execution matches reference binding outcomes (3936.672458ms)
✔ composite profiles preserve exact AST identities and parse visible collection/field edits (141.260875ms)
✔ actual typescript composite execution preserves aliasing, old records, lazy Result branches, callbacks and write order (100.83775ms)
✔ actual python composite execution preserves aliasing, old records, lazy Result branches, callbacks and write order (62.750583ms)
✔ actual rust composite execution preserves aliasing, old records, lazy Result branches, callbacks and write order (3484.529833ms)
✔ continuation source keeps bodies visible and validates capture scaffolding (125.284083ms)
✔ actual typescript closures/tasks preserve captures, identity and effect authority (92.894208ms)
✔ actual python closures/tasks preserve captures, identity and effect authority (62.986208ms)
✔ actual rust closures/tasks preserve captures, identity and effect authority (869.886292ms)
✔ actual typescript completed tasks retain results under revocation without redispatch (101.706ms)
✔ actual python completed tasks retain results under revocation without redispatch (56.514167ms)
✔ actual rust completed tasks retain results under revocation without redispatch (796.235125ms)
✔ indirect contract callbacks fail explicitly and blockless bindings select V12 (54.417792ms)
✔ V11 parses visible pure contract calls and preserves exact AST identities (52.700375ms)
✔ V11 rejects undeclared purity, unsynthesized and indirect paths through contract callees (9.014875ms)
✔ V11 resolves a pure contract callee through an exact-address dependency (29.222333ms)
✔ V11 actual typescript contract calls enforce pre and postconditions after mutation (390.073291ms)
✔ V11 actual python contract calls enforce pre and postconditions after mutation (42.707459ms)
✔ V11 actual rust contract calls enforce pre and postconditions after mutation (3769.287667ms)
✔ V15 checked function values and block-local factory parse to exact roots (296.143917ms)
✔ V15 certificates close over an exact-address imported scalar factory (36.744666ms)
✔ V15 actual typescript contract admits checked values and refuses raw/record captures (394.830667ms)
✔ V15 actual python contract admits checked values and refuses raw/record captures (54.246708ms)
✔ V15 actual rust contract admits checked values and refuses raw/record captures (3452.019208ms)
✔ V15 actual typescript refuses a certified closure after host capture mutation (87.477708ms)
✔ V15 actual python refuses a certified closure after host capture mutation (54.80775ms)
✔ V14 round-trips exact closure contracts and rejects hidden native capture edits (70.425375ms)
✔ V14 retains bounded refusals while V15 admits checked function values and scalar locals (61.162041ms)
✔ V14 binds a read-only closure factory through an exact-address import (27.9645ms)
✔ V14 actual typescript scalar-capture closure contracts match reference outcomes (389.472833ms)
✔ V14 actual python scalar-capture closure contracts match reference outcomes (51.809167ms)
✔ V14 actual rust scalar-capture closure contracts match reference outcomes (3794.885125ms)
✔ V13 contract calls accept read-only composite inputs and pure sequence folds (80.823292ms)
✔ V13 rejects mutable and effectful contract callees, including transitive paths (45.354125ms)
✔ V13 still rejects a valid pure closure predicate while V14 admits its exact root (10.214209ms)
✔ V13 carries typed contract helpers through an exact-address import closure (25.695333ms)
✔ V13 actual typescript composite contract checks pass and fail before body execution (387.588833ms)
✔ V13 actual python composite contract checks pass and fail before body execution (50.469541ms)
✔ V13 actual rust composite contract checks pass and fail before body execution (3913.173167ms)
✔ V15 checks both direct branch-return closure factory arms (31.462709ms)
✔ valid branch-local capture remains outside the straight-line factory profile (6.955083ms)
✔ valid quantifier binder inside a closure is a documented projection gap (3.811541ms)
✔ pure direct call inside a passed closure round-trips but has no V15 native certificate (15.358833ms)
✔ V9 round-trips null bodies exactly and rejects changed executable scaffolding (28.669833ms)
✔ V9 propagates unsynthesized dependency identity through exact-address imports (26.804708ms)
✔ V9 actual typescript declaration traps while synthesized code executes (373.763208ms)
✔ V9 actual python declaration traps while synthesized code executes (43.430125ms)
✔ V9 actual rust declaration traps while synthesized code executes (3553.965792ms)
✔ scalar native profiles round-trip all emitted control flow and parse actual visible edits (137.505ms)
✔ unsupported projected AST and host syntax reject rather than use placeholders or hidden IR (28.662542ms)
✔ actual typescript execution preserves booleans, arbitrary integers, negative division, overflow, contracts and effects (87.725792ms)
✔ actual python execution preserves booleans, arbitrary integers, negative division, overflow, contracts and effects (51.10675ms)
✔ actual rust execution preserves booleans, arbitrary integers, negative division, overflow, contracts and effects (587.542292ms)
✔ declared scalar kinds retain type declarations, surfaces, branch shape and contract metadata (12.100583ms)
✔ generic captured closures and tasks round trip and execute in typescript (96.83275ms)
✔ generic captured closures and tasks round trip and execute in python (50.53025ms)
✔ generic captured closures and tasks round trip and execute in rust (797.294542ms)
✔ generic/nested AST identities and visible type witnesses round trip; unsupported open contexts reject (336.783375ms)
✔ reference interpreter establishes nested generic container and capability results (2.809584ms)
✔ actual typescript generic/nested source edits preserve containers and reject false witnesses before effects (473.889ms)
✔ actual python generic/nested source edits preserve containers and reject false witnesses before effects (117.537791ms)
✔ actual rust generic/nested source edits preserve containers and reject false witnesses before effects (892.283416ms)
✔ every declared AST kind has a representative exact-root TS/Python/Rust round trip (472.469625ms)
✔ new Cond/ForAll/Surface/Un/Yield fixture matches the reference runtime (0.686709ms)
✔ free type variables without a binding are explicitly rejected in all targets (1.522125ms)
✔ actual typescript completes five missing AST kinds (335.4785ms)
✔ actual python completes five missing AST kinds (31.914708ms)
✔ actual rust completes five missing AST kinds (3499.780167ms)
✔ actual typescript standard ledger preserves aliases, transfer/settle contracts and grants (114.422083ms)
✔ actual python standard ledger preserves aliases, transfer/settle contracts and grants (56.870834ms)
✔ actual rust standard ledger preserves aliases, transfer/settle contracts and grants (3342.83625ms)
✔ H1/H2: Rust and Python projections expose the same semantic functions (2.954167ms)
✔ H4: structural diff projection renders only changed graph paths (3.9455ms)
✔ H3: projection language server applies a text edit through a branch CAS (529.695875ms)
✔ J5: every AST kind has explicit projection support metadata (0.878209ms)
✔ J6: standard LSP frames decode incrementally and syntax errors become diagnostics (550.9105ms)
✔ V8 nested imports retain exact module/address identity and reject altered or missing dependencies (77.249958ms)
✔ V8 closes a transitive nested import inside an addressed dependency (1230.519833ms)
✔ actual typescript nested exact-address import executes the same result (396.242417ms)
✔ actual python nested exact-address import executes the same result (40.398042ms)
✔ actual rust nested exact-address import executes the same result (702.78475ms)
✔ edited nested TypeScript dependency rebinds its address and runs the changed program (89.879083ms)
✔ V10 keeps quantifier and Result binders local inside old snapshots (45.440083ms)
✔ V10 actual typescript old-binder execution sees pre-state (420.956959ms)
✔ V10 actual python old-binder execution sees pre-state (58.8755ms)
✔ V10 actual rust old-binder execution sees pre-state (3910.929625ms)
✔ Risk R3: parse(project(x)) is the identical node, not merely an equivalent one (10.197542ms)
✔ the round trip is idempotent under repetition (1.597541ms)
✔ a human edit to the projection lands as a node mutation (7.455875ms)
✔ randomly generated expressions survive the round trip (4.524708ms)
✔ precedence is preserved without over-parenthesising (0.149292ms)
✔ an unsynthesized contract projects and parses as a body-less declaration (0.199541ms)
✔ out-of-scope identifiers are rejected rather than silently bound (0.223959ms)
✔ result and old are only special inside an ensures clause (0.055292ms)
✔ capabilities and provenance survive the projection (0.313584ms)
✔ the auditor view adds causal lineage without changing the code (3.356292ms)
✔ pinned Unicode17 tables cover every scalar mapping of the actual TypeScript reference (270.79875ms)
✔ V6 exact import closure round trips; missing, altered and unselected dependencies reject (376.034083ms)
✔ actual typescript linked imports and Unicode operations match TypeScript reference (591.360708ms)
✔ actual python linked imports and Unicode operations match TypeScript reference (708.91125ms)
✔ actual rust linked imports and Unicode operations match TypeScript reference (1500.895792ms)
ℹ tests 116
ℹ suites 0
ℹ pass 116
ℹ fail 0
ℹ cancelled 0
ℹ skipped 0
ℹ todo 0
ℹ duration_ms 60515.5895
