run.log: OK
verify.log: OK
copied-verify.log: OK
typecheck.log: OK
roadmap.log: OK
build.log: OK
raw/pipeline/phase-2/report.json: OK
raw/pipeline/phase-2/attempts/6.json: OK
raw/pipeline/phase-2/attempts/7.json: OK
raw/pipeline/phase-2/attempts/10.json: OK
raw/pipeline/phase-2/attempts/0.json: OK
raw/pipeline/phase-2/attempts/1.json: OK
raw/pipeline/phase-2/attempts/11.json: OK
raw/pipeline/phase-2/attempts/2.json: OK
raw/pipeline/phase-2/attempts/12.json: OK
raw/pipeline/phase-2/attempts/13.json: OK
raw/pipeline/phase-2/attempts/3.json: OK
raw/pipeline/phase-2/attempts/8.json: OK
raw/pipeline/phase-2/attempts/4.json: OK
raw/pipeline/phase-2/attempts/14.json: OK
raw/pipeline/phase-2/attempts/15.json: OK
raw/pipeline/phase-2/attempts/5.json: OK
raw/pipeline/phase-2/attempts/9.json: OK
raw/pipeline/phase-2/generation.json: OK
raw/pipeline/phase-2/recoveries/0.json: OK
raw/pipeline/phase-2/recoveries/1.json: OK
raw/pipeline/phase-1/report.json: OK
raw/pipeline/phase-1/attempts/0.json: OK
raw/pipeline/phase-1/generation.json: OK
raw/report.json: OK
raw/partition-preheal-sink-head.json: OK
raw/registration.json: OK
raw/partition-preheal-effect.json: OK
raw/broker-journals/5ddfc3ac0b5a229c474d9a4df5e9fc8e92eba381295d6a23402701883b22a2ee/effects-v4.json: OK
raw/broker-journals/5ddfc3ac0b5a229c474d9a4df5e9fc8e92eba381295d6a23402701883b22a2ee/effect-lock-tickets/ticket-000000000001.json: OK
raw/broker-journals/5ddfc3ac0b5a229c474d9a4df5e9fc8e92eba381295d6a23402701883b22a2ee/effect-lock-tickets/released-000000000001.json: OK
raw/broker-journals/4ef0b4b50047db71c91eb2a796b1101eeb1964fb86d96505dd05e615585285af/effects-v4.json: OK
raw/broker-journals/4ef0b4b50047db71c91eb2a796b1101eeb1964fb86d96505dd05e615585285af/effect-lock-tickets/ticket-000000000001.json: OK
raw/broker-journals/4ef0b4b50047db71c91eb2a796b1101eeb1964fb86d96505dd05e615585285af/effect-lock-tickets/released-000000000001.json: OK
raw/broker-journals/eb6b1bbc57d856c0fd95fff249664776515c2f1b16773c77aa7064800a1fe7f2/effects-v4.json: OK
raw/broker-journals/eb6b1bbc57d856c0fd95fff249664776515c2f1b16773c77aa7064800a1fe7f2/effect-lock-tickets/ticket-000000000001.json: OK
raw/broker-journals/eb6b1bbc57d856c0fd95fff249664776515c2f1b16773c77aa7064800a1fe7f2/effect-lock-tickets/released-000000000002.json: OK
raw/broker-journals/eb6b1bbc57d856c0fd95fff249664776515c2f1b16773c77aa7064800a1fe7f2/effect-lock-tickets/released-000000000001.json: OK
raw/broker-journals/eb6b1bbc57d856c0fd95fff249664776515c2f1b16773c77aa7064800a1fe7f2/effect-lock-tickets/ticket-000000000002.json: OK
raw/broker-journals/9b0b309d72a60eb32d63ff25e83f1815d0ff91046c529445d5003f657a53e22b/effects-v4.json: OK
raw/broker-journals/9b0b309d72a60eb32d63ff25e83f1815d0ff91046c529445d5003f657a53e22b/effect-lock-tickets/released-000000000005.json: OK
raw/broker-journals/9b0b309d72a60eb32d63ff25e83f1815d0ff91046c529445d5003f657a53e22b/effect-lock-tickets/ticket-000000000001.json: OK
raw/broker-journals/9b0b309d72a60eb32d63ff25e83f1815d0ff91046c529445d5003f657a53e22b/effect-lock-tickets/released-000000000004.json: OK
raw/broker-journals/9b0b309d72a60eb32d63ff25e83f1815d0ff91046c529445d5003f657a53e22b/effect-lock-tickets/ticket-000000000007.json: OK
raw/broker-journals/9b0b309d72a60eb32d63ff25e83f1815d0ff91046c529445d5003f657a53e22b/effect-lock-tickets/released-000000000003.json: OK
raw/broker-journals/9b0b309d72a60eb32d63ff25e83f1815d0ff91046c529445d5003f657a53e22b/effect-lock-tickets/released-000000000002.json: OK
raw/broker-journals/9b0b309d72a60eb32d63ff25e83f1815d0ff91046c529445d5003f657a53e22b/effect-lock-tickets/ticket-000000000006.json: OK
raw/broker-journals/9b0b309d72a60eb32d63ff25e83f1815d0ff91046c529445d5003f657a53e22b/effect-lock-tickets/ticket-000000000005.json: OK
raw/broker-journals/9b0b309d72a60eb32d63ff25e83f1815d0ff91046c529445d5003f657a53e22b/effect-lock-tickets/released-000000000001.json: OK
raw/broker-journals/9b0b309d72a60eb32d63ff25e83f1815d0ff91046c529445d5003f657a53e22b/effect-lock-tickets/ticket-000000000004.json: OK
raw/broker-journals/9b0b309d72a60eb32d63ff25e83f1815d0ff91046c529445d5003f657a53e22b/effect-lock-tickets/released-000000000007.json: OK
raw/broker-journals/9b0b309d72a60eb32d63ff25e83f1815d0ff91046c529445d5003f657a53e22b/effect-lock-tickets/ticket-000000000003.json: OK
raw/broker-journals/9b0b309d72a60eb32d63ff25e83f1815d0ff91046c529445d5003f657a53e22b/effect-lock-tickets/ticket-000000000002.json: OK
raw/broker-journals/9b0b309d72a60eb32d63ff25e83f1815d0ff91046c529445d5003f657a53e22b/effect-lock-tickets/released-000000000006.json: OK
raw/broker-journals/90bf0f670e7b55cfa9d77d9f0dcbffd0c2c443d7b26e485849de396d96328115/effects-v4.json: OK
raw/broker-journals/90bf0f670e7b55cfa9d77d9f0dcbffd0c2c443d7b26e485849de396d96328115/effect-lock-tickets/ticket-000000000001.json: OK
raw/broker-journals/90bf0f670e7b55cfa9d77d9f0dcbffd0c2c443d7b26e485849de396d96328115/effect-lock-tickets/released-000000000001.json: OK
raw/broker-journals/f79323a2ac94547b6723e6e48a88f3fcb7a163e424d4441c1e87645aa024093f/effects-v4.json: OK
raw/broker-journals/f79323a2ac94547b6723e6e48a88f3fcb7a163e424d4441c1e87645aa024093f/effect-lock-tickets/ticket-000000000001.json: OK
raw/broker-journals/f79323a2ac94547b6723e6e48a88f3fcb7a163e424d4441c1e87645aa024093f/effect-lock-tickets/released-000000000002.json: OK
raw/broker-journals/f79323a2ac94547b6723e6e48a88f3fcb7a163e424d4441c1e87645aa024093f/effect-lock-tickets/released-000000000001.json: OK
raw/broker-journals/f79323a2ac94547b6723e6e48a88f3fcb7a163e424d4441c1e87645aa024093f/effect-lock-tickets/ticket-000000000002.json: OK
raw/sink-store/.service-lock/ticket-000000000001.json: OK
raw/sink-store/sink-state-v2.json: OK
raw/witness-store/e4610644e741df61f4fc2e9f7e3374b23b2d032ceba27d8b0ea621a2fbe9d8fd.json: OK
raw/witness-store/7b329d8fb39e2d36e8a5925ec8cd25e61120c059ce75ed1893a7bfccbd865414.json: OK
raw/witness-store/e5d1e97ebb54c9f17815d4f91ccfe0009b63d643b73ec3235987eda78fdf7f1e.json: OK
raw/witness-store/.service-lock/ticket-000000000001.json: OK
raw/witness-store/c87b65e9ee86b774a963f9daec3746cbfc4363d7a4ed69d47c360a77a621e1a9.json: OK
raw/witness-store/32232f8d9e3ef9f297d83d294f37034e3b15c68acb83d9037ba54482c717eb29.json: OK
raw/witness-store/be5e98b2af54fe4206da27fb6bc3915cda99770eab63d66b2f278bf57a535aa1.json: OK
raw/witness-store/53dd5f610b7f5b493987ec59fe092c03388c8e82fd7be451ad00c9a5cf0e5d65.json: OK
