{
  "verified": true,
  "subjectCommit": "f3c9fda6269d4f022dae7ec9ad589efb658984f8",
  "sourceMatches": true,
  "requiredFailures": [
    "ast.retrieval: not_measured",
    "replication.convergence: not_measured",
    "checkpoint.rollback: not_measured",
    "fallback.dispatch: not_measured",
    "certificate.check: not_measured",
    "unikernel.boot: not_measured",
    "state_lens.overhead: not_measured",
    "smt.cutoff: not_measured",
    "projection.throughput: not_measured",
    "zk.verification: not_measured",
    "multimodal.extraction: not_measured",
    "mutation.safety: not_measured",
    "graph.capacity: not_measured",
    "execution.determinism: not_measured",
    "capability.containment: not_measured"
  ],
  "releaseEligible": false
}
