✔ V5 parses visible Atomic bodies and rejects altered rollback scaffolding; V4 stays closed (170.080875ms)
✔ development reference establishes return/rollback/effect and settled-task allocation semantics (1.94375ms)
✔ actual typescript Atomic matches reference rollback and nonlocal return semantics (499.208625ms)
✔ actual python Atomic matches reference rollback and nonlocal return semantics (68.579292ms)
✔ actual rust Atomic matches reference rollback and nonlocal return semantics (1448.471167ms)
✔ actual typescript Atomic restores state and native step counter after authority and budget faults (90.837833ms)
✔ actual python Atomic restores state and native step counter after authority and budget faults (45.452542ms)
✔ actual rust Atomic restores state and native step counter after authority and budget faults (771.597542ms)
✔ V12 parses visible blockless bindings to the exact root and guards slot scaffolding (116.498458ms)
✔ each blockless If, While and Atomic shape independently selects V12 (21.090375ms)
✔ V12 reference run covers selected branches, skipped bindings, loop rebinding, Atomic, assignment and shadow fallback (1.271917ms)
✔ V12 explicitly rejects invalid blockless binding types (0.722792ms)
✔ V12 profile propagates through an exact-address import closure (29.184167ms)
✔ V12 actual typescript execution matches reference binding outcomes (447.768458ms)
✔ V12 actual python execution matches reference binding outcomes (46.915125ms)
✔ V12 actual rust execution matches reference binding outcomes (3751.298458ms)
✔ composite profiles preserve exact AST identities and parse visible collection/field edits (142.4945ms)
✔ actual typescript composite execution preserves aliasing, old records, lazy Result branches, callbacks and write order (104.989875ms)
✔ actual python composite execution preserves aliasing, old records, lazy Result branches, callbacks and write order (73.473291ms)
✔ actual rust composite execution preserves aliasing, old records, lazy Result branches, callbacks and write order (3809.595375ms)
✔ continuation source keeps bodies visible and validates capture scaffolding (121.474792ms)
✔ actual typescript closures/tasks preserve captures, identity and effect authority (92.068208ms)
✔ actual python closures/tasks preserve captures, identity and effect authority (57.974417ms)
✔ actual rust closures/tasks preserve captures, identity and effect authority (826.461125ms)
✔ actual typescript completed tasks retain results under revocation without redispatch (79.603209ms)
✔ actual python completed tasks retain results under revocation without redispatch (50.876083ms)
✔ actual rust completed tasks retain results under revocation without redispatch (758.092792ms)
✔ indirect contract callbacks fail explicitly and blockless bindings select V12 (52.869459ms)
✔ V11 parses visible pure contract calls and preserves exact AST identities (52.269083ms)
✔ V11 rejects undeclared purity, unsynthesized and indirect paths through contract callees (8.680625ms)
✔ V11 resolves a pure contract callee through an exact-address dependency (28.27575ms)
✔ V11 actual typescript contract calls enforce pre and postconditions after mutation (386.168416ms)
✔ V11 actual python contract calls enforce pre and postconditions after mutation (47.804542ms)
✔ V11 actual rust contract calls enforce pre and postconditions after mutation (3720.600625ms)
✔ V14 round-trips exact closure contracts and rejects hidden native capture edits (71.568208ms)
✔ V14 rejects captured records, effectful closure bodies and opaque targets (38.608542ms)
✔ V14 binds a read-only closure factory through an exact-address import (27.764334ms)
✔ V14 actual typescript scalar-capture closure contracts match reference outcomes (398.304417ms)
✔ V14 actual python scalar-capture closure contracts match reference outcomes (49.236875ms)
✔ V14 actual rust scalar-capture closure contracts match reference outcomes (3375.271792ms)
✔ V13 contract calls accept read-only composite inputs and pure sequence folds (82.295667ms)
✔ V13 rejects mutable and effectful contract callees, including transitive paths (44.679958ms)
✔ V13 still rejects a valid pure closure predicate while V14 admits its exact root (10.44925ms)
✔ V13 carries typed contract helpers through an exact-address import closure (27.986959ms)
✔ V13 actual typescript composite contract checks pass and fail before body execution (404.41475ms)
✔ V13 actual python composite contract checks pass and fail before body execution (44.404041ms)
✔ V13 actual rust composite contract checks pass and fail before body execution (3415.5565ms)
✔ V9 round-trips null bodies exactly and rejects changed executable scaffolding (28.810541ms)
✔ V9 propagates unsynthesized dependency identity through exact-address imports (26.546625ms)
✔ V9 actual typescript declaration traps while synthesized code executes (379.80075ms)
✔ V9 actual python declaration traps while synthesized code executes (33.939083ms)
✔ V9 actual rust declaration traps while synthesized code executes (3586.633333ms)
✔ scalar native profiles round-trip all emitted control flow and parse actual visible edits (126.343667ms)
✔ unsupported projected AST and host syntax reject rather than use placeholders or hidden IR (29.068583ms)
✔ actual typescript execution preserves booleans, arbitrary integers, negative division, overflow, contracts and effects (84.497417ms)
✔ actual python execution preserves booleans, arbitrary integers, negative division, overflow, contracts and effects (53.433ms)
✔ actual rust execution preserves booleans, arbitrary integers, negative division, overflow, contracts and effects (609.967625ms)
✔ declared scalar kinds retain type declarations, surfaces, branch shape and contract metadata (17.13575ms)
✔ generic captured closures and tasks round trip and execute in typescript (98.837166ms)
✔ generic captured closures and tasks round trip and execute in python (52.659917ms)
✔ generic captured closures and tasks round trip and execute in rust (821.536042ms)
✔ generic/nested AST identities and visible type witnesses round trip; unsupported open contexts reject (337.94275ms)
✔ reference interpreter establishes nested generic container and capability results (2.6385ms)
✔ actual typescript generic/nested source edits preserve containers and reject false witnesses before effects (463.976291ms)
✔ actual python generic/nested source edits preserve containers and reject false witnesses before effects (117.134791ms)
✔ actual rust generic/nested source edits preserve containers and reject false witnesses before effects (890.488916ms)
✔ every declared AST kind has a representative exact-root TS/Python/Rust round trip (459.318792ms)
✔ new Cond/ForAll/Surface/Un/Yield fixture matches the reference runtime (0.705875ms)
✔ free type variables without a binding are explicitly rejected in all targets (1.792708ms)
✔ actual typescript completes five missing AST kinds (349.479125ms)
✔ actual python completes five missing AST kinds (37.401833ms)
✔ actual rust completes five missing AST kinds (3074.354125ms)
✔ actual typescript standard ledger preserves aliases, transfer/settle contracts and grants (113.878292ms)
✔ actual python standard ledger preserves aliases, transfer/settle contracts and grants (67.597125ms)
✔ actual rust standard ledger preserves aliases, transfer/settle contracts and grants (3717.821375ms)
✔ H1/H2: Rust and Python projections expose the same semantic functions (2.720667ms)
✔ H4: structural diff projection renders only changed graph paths (4.841667ms)
✔ H3: projection language server applies a text edit through a branch CAS (575.787459ms)
✔ J5: every AST kind has explicit projection support metadata (0.886834ms)
✔ J6: standard LSP frames decode incrementally and syntax errors become diagnostics (538.973584ms)
✔ V8 nested imports retain exact module/address identity and reject altered or missing dependencies (78.547666ms)
✔ V8 closes a transitive nested import inside an addressed dependency (1385.306583ms)
✔ actual typescript nested exact-address import executes the same result (418.292083ms)
✔ actual python nested exact-address import executes the same result (37.160083ms)
✔ actual rust nested exact-address import executes the same result (659.18175ms)
✔ edited nested TypeScript dependency rebinds its address and runs the changed program (84.897791ms)
✔ V10 keeps quantifier and Result binders local inside old snapshots (45.205959ms)
✔ V10 actual typescript old-binder execution sees pre-state (393.663125ms)
✔ V10 actual python old-binder execution sees pre-state (49.493042ms)
✔ V10 actual rust old-binder execution sees pre-state (3656.718417ms)
✔ Risk R3: parse(project(x)) is the identical node, not merely an equivalent one (10.347166ms)
✔ the round trip is idempotent under repetition (1.731917ms)
✔ a human edit to the projection lands as a node mutation (7.757458ms)
✔ randomly generated expressions survive the round trip (4.570708ms)
✔ precedence is preserved without over-parenthesising (0.141458ms)
✔ an unsynthesized contract projects and parses as a body-less declaration (0.313292ms)
✔ out-of-scope identifiers are rejected rather than silently bound (0.286875ms)
✔ result and old are only special inside an ensures clause (0.077ms)
✔ capabilities and provenance survive the projection (0.373417ms)
✔ the auditor view adds causal lineage without changing the code (3.675208ms)
✔ pinned Unicode17 tables cover every scalar mapping of the actual TypeScript reference (273.885708ms)
✔ V6 exact import closure round trips; missing, altered and unselected dependencies reject (391.743083ms)
✔ actual typescript linked imports and Unicode operations match TypeScript reference (612.3035ms)
✔ actual python linked imports and Unicode operations match TypeScript reference (708.7875ms)
✔ actual rust linked imports and Unicode operations match TypeScript reference (1504.449459ms)
ℹ tests 105
ℹ suites 0
ℹ pass 105
ℹ fail 0
ℹ cancelled 0
ℹ skipped 0
ℹ todo 0
ℹ duration_ms 55367.888334
