{
  "outputDirectory": "/Users/rhenmcleod/Repositories/swarm-experiment/docs/implementation/v4/evidence/index-e71627b/campaign-exact-e71627b",
  "indexedInputs": 175,
  "quality": {
    "exactRecallAt3": 0.9375,
    "annRecallAt3": 0.7916666666666666,
    "exactMeanReciprocalRank": 0.7569444444444445,
    "annMeanReciprocalRank": 0.6527777777777779,
    "annRecallAgainstExactTop3": 0.75,
    "filterViolations": 0,
    "candidates": {
      "count": 72,
      "minimum": 0,
      "median": 23,
      "p95": 24,
      "maximum": 24,
      "mean": 15.916666666666666
    },
    "cosine085ResultCounts": [
      0,
      0,
      0,
      0,
      0,
      0,
      0,
      0,
      0,
      0,
      0,
      0,
      0,
      0,
      0,
      0,
      0,
      0,
      0,
      0,
      0,
      0,
      0,
      0,
      0,
      0,
      0,
      0,
      0,
      0,
      0,
      0,
      0,
      0,
      0,
      0,
      0,
      0,
      0,
      0,
      0,
      0,
      0,
      0,
      0,
      0,
      0,
      0,
      0,
      0,
      0,
      0,
      0,
      0,
      0,
      0,
      0,
      0,
      0,
      0,
      0,
      0,
      0,
      0,
      0,
      0,
      0,
      0,
      0,
      0,
      0,
      0
    ]
  },
  "timingsMs": {
    "warmExactVectorReady": {
      "count": 72,
      "minimum": 1.100583,
      "median": 1.186542,
      "p95": 1.342417,
      "maximum": 1.8165,
      "mean": 1.2115248749999996
    },
    "warmLshVectorReady": {
      "count": 72,
      "minimum": 0.078625,
      "median": 1.053959,
      "p95": 1.297834,
      "maximum": 1.456542,
      "mean": 0.7982766805555559
    },
    "fullTextQueryIncludingInference": {
      "count": 72,
      "minimum": 1.72075,
      "median": 2.647,
      "p95": 3.025375,
      "maximum": 4.768875,
      "mean": 2.4687766527777777
    }
  },
  "storageBytes": 1319737
}
