✔ V5 parses visible Atomic bodies and rejects altered rollback scaffolding; V4 stays closed (408.676334ms)
✔ development reference establishes return/rollback/effect and settled-task allocation semantics (10.025167ms)
✔ actual typescript Atomic matches reference rollback and nonlocal return semantics (574.47675ms)
✔ actual python Atomic matches reference rollback and nonlocal return semantics (66.973042ms)
✔ actual rust Atomic matches reference rollback and nonlocal return semantics (1296.120708ms)
✔ actual typescript Atomic restores state and native step counter after authority and budget faults (101.028791ms)
✔ actual python Atomic restores state and native step counter after authority and budget faults (65.148375ms)
✔ actual rust Atomic restores state and native step counter after authority and budget faults (1001.695667ms)
✔ V12 parses visible blockless bindings to the exact root and guards slot scaffolding (135.008709ms)
✔ each blockless If, While and Atomic shape independently selects V12 (21.756334ms)
✔ V12 reference run covers selected branches, skipped bindings, loop rebinding, Atomic, assignment and shadow fallback (1.21675ms)
✔ V12 explicitly rejects invalid blockless binding types (0.683416ms)
✔ V12 profile propagates through an exact-address import closure (32.784917ms)
✔ V12 actual typescript execution matches reference binding outcomes (508.504708ms)
✔ V12 actual python execution matches reference binding outcomes (58.291667ms)
✔ V12 actual rust execution matches reference binding outcomes (4263.057417ms)
✔ composite profiles preserve exact AST identities and parse visible collection/field edits (155.394125ms)
✔ actual typescript composite execution preserves aliasing, old records, lazy Result branches, callbacks and write order (110.252ms)
✔ actual python composite execution preserves aliasing, old records, lazy Result branches, callbacks and write order (71.659ms)
✔ actual rust composite execution preserves aliasing, old records, lazy Result branches, callbacks and write order (4293.812375ms)
✔ continuation source keeps bodies visible and validates capture scaffolding (135.2045ms)
✔ actual typescript closures/tasks preserve captures, identity and effect authority (102.364666ms)
✔ actual python closures/tasks preserve captures, identity and effect authority (63.265833ms)
✔ actual rust closures/tasks preserve captures, identity and effect authority (940.552416ms)
✔ actual typescript completed tasks retain results under revocation without redispatch (85.617125ms)
✔ actual python completed tasks retain results under revocation without redispatch (55.74875ms)
✔ actual rust completed tasks retain results under revocation without redispatch (827.567167ms)
✔ indirect contract callbacks fail explicitly and blockless bindings select V12 (41.862834ms)
✔ V11 parses visible pure contract calls and preserves exact AST identities (57.623ms)
✔ V11 rejects undeclared purity, unsynthesized and indirect paths through contract callees (9.498375ms)
✔ V11 resolves a pure contract callee through an exact-address dependency (32.729542ms)
✔ V11 actual typescript contract calls enforce pre and postconditions after mutation (428.231042ms)
✔ V11 actual python contract calls enforce pre and postconditions after mutation (52.456667ms)
✔ V11 actual rust contract calls enforce pre and postconditions after mutation (3879.666375ms)
✔ V17 checked function values and direct lazy tasks parse to exact roots (740.620792ms)
✔ V15 certificates close over an exact-address imported scalar factory (39.977875ms)
✔ V17 actual typescript contract admits pure lazy tasks and refuses raw/record captures (511.545334ms)
✔ V17 actual python contract admits pure lazy tasks and refuses raw/record captures (80.281ms)
✔ V17 actual rust contract admits pure lazy tasks and refuses raw/record captures (4445.478375ms)
✔ V17 actual typescript refuses a certified closure after host capture mutation (116.387958ms)
✔ V17 actual python refuses a certified closure after host capture mutation (71.808083ms)
✔ V14 round-trips exact closure contracts and rejects hidden native capture edits (80.734417ms)
✔ V14 retains bounded refusals while V15 admits checked function values and scalar locals (70.524375ms)
✔ V14 binds a read-only closure factory through an exact-address import (33.494459ms)
✔ V14 actual typescript scalar-capture closure contracts match reference outcomes (449.85225ms)
✔ V14 actual python scalar-capture closure contracts match reference outcomes (55.217375ms)
✔ V14 actual rust scalar-capture closure contracts match reference outcomes (4214.629583ms)
✔ V13 contract calls accept read-only composite inputs and pure sequence folds (91.562917ms)
✔ V13 rejects mutable and effectful contract callees, including transitive paths (50.766166ms)
✔ V13 still rejects a valid pure closure predicate while V14 admits its exact root (11.918375ms)
✔ V13 carries typed contract helpers through an exact-address import closure (28.879167ms)
✔ V13 actual typescript composite contract checks pass and fail before body execution (432.850125ms)
✔ V13 actual python composite contract checks pass and fail before body execution (48.030875ms)
✔ V13 actual rust composite contract checks pass and fail before body execution (4394.04725ms)
✔ V15 checks both direct branch-return closure factory arms (39.77425ms)
✔ V16 checks both branch-local captures while V15 retains its refusal (31.062625ms)
✔ V16 checks the quantifier binder inside a closure while V15 refuses it (17.399042ms)
✔ V16 binds the exact pure helper into a passed closure certificate (28.498917ms)
✔ V16 binds an imported pure helper address and body into the closure certificate (36.731958ms)
✔ V9 round-trips null bodies exactly and rejects changed executable scaffolding (36.164417ms)
✔ V9 propagates unsynthesized dependency identity through exact-address imports (32.572917ms)
✔ V9 actual typescript declaration traps while synthesized code executes (476.700875ms)
✔ V9 actual python declaration traps while synthesized code executes (44.019458ms)
✔ V9 actual rust declaration traps while synthesized code executes (4287.258083ms)
✔ scalar native profiles round-trip all emitted control flow and parse actual visible edits (137.85ms)
✔ unsupported projected AST and host syntax reject rather than use placeholders or hidden IR (31.534584ms)
✔ actual typescript execution preserves booleans, arbitrary integers, negative division, overflow, contracts and effects (90.255417ms)
✔ actual python execution preserves booleans, arbitrary integers, negative division, overflow, contracts and effects (54.029208ms)
✔ actual rust execution preserves booleans, arbitrary integers, negative division, overflow, contracts and effects (636.781167ms)
✔ declared scalar kinds retain type declarations, surfaces, branch shape and contract metadata (12.908083ms)
✔ generic captured closures and tasks round trip and execute in typescript (105.584083ms)
✔ generic captured closures and tasks round trip and execute in python (54.827459ms)
✔ generic captured closures and tasks round trip and execute in rust (860.515333ms)
✔ generic/nested AST identities and visible type witnesses round trip; unsupported open contexts reject (357.124708ms)
✔ reference interpreter establishes nested generic container and capability results (2.9645ms)
✔ actual typescript generic/nested source edits preserve containers and reject false witnesses before effects (500.3485ms)
✔ actual python generic/nested source edits preserve containers and reject false witnesses before effects (125.85475ms)
✔ actual rust generic/nested source edits preserve containers and reject false witnesses before effects (963.225708ms)
✔ every declared AST kind has a representative exact-root TS/Python/Rust round trip (512.934959ms)
✔ new Cond/ForAll/Surface/Un/Yield fixture matches the reference runtime (0.715208ms)
✔ free type variables without a binding are explicitly rejected in all targets (1.830834ms)
✔ actual typescript completes five missing AST kinds (378.251709ms)
✔ actual python completes five missing AST kinds (42.299ms)
✔ actual rust completes five missing AST kinds (3699.058708ms)
✔ actual typescript standard ledger preserves aliases, transfer/settle contracts and grants (118.768792ms)
✔ actual python standard ledger preserves aliases, transfer/settle contracts and grants (69.585541ms)
✔ actual rust standard ledger preserves aliases, transfer/settle contracts and grants (4124.363166ms)
✔ H1/H2: Rust and Python projections expose the same semantic functions (2.899625ms)
✔ H4: structural diff projection renders only changed graph paths (4.797166ms)
✔ H3: projection language server applies a text edit through a branch CAS (572.169542ms)
✔ J5: every AST kind has explicit projection support metadata (0.968333ms)
✔ J6: standard LSP frames decode incrementally and syntax errors become diagnostics (513.810917ms)
✔ V8 nested imports retain exact module/address identity and reject altered or missing dependencies (81.560541ms)
✔ V8 closes a transitive nested import inside an addressed dependency (1285.87475ms)
✔ actual typescript nested exact-address import executes the same result (455.218375ms)
✔ actual python nested exact-address import executes the same result (41.222417ms)
✔ actual rust nested exact-address import executes the same result (745.414042ms)
✔ edited nested TypeScript dependency rebinds its address and runs the changed program (95.061834ms)
✔ V10 keeps quantifier and Result binders local inside old snapshots (49.133916ms)
✔ V10 actual typescript old-binder execution sees pre-state (436.29225ms)
✔ V10 actual python old-binder execution sees pre-state (49.63475ms)
✔ V10 actual rust old-binder execution sees pre-state (4187.576292ms)
✔ V16 keeps the pinned V15 source and runtime bytes in all three targets (31.524542ms)
✔ V17 keeps pinned V16 source and runtime bytes in all three targets (30.653333ms)
✔ Risk R3: parse(project(x)) is the identical node, not merely an equivalent one (10.381375ms)
✔ the round trip is idempotent under repetition (1.594958ms)
✔ a human edit to the projection lands as a node mutation (7.890209ms)
✔ randomly generated expressions survive the round trip (4.883042ms)
✔ precedence is preserved without over-parenthesising (0.213708ms)
✔ an unsynthesized contract projects and parses as a body-less declaration (0.215375ms)
✔ out-of-scope identifiers are rejected rather than silently bound (0.240541ms)
✔ result and old are only special inside an ensures clause (0.059083ms)
✔ capabilities and provenance survive the projection (0.462833ms)
✔ the auditor view adds causal lineage without changing the code (3.789958ms)
✔ pinned Unicode17 tables cover every scalar mapping of the actual TypeScript reference (277.393958ms)
✔ V6 exact import closure round trips; missing, altered and unselected dependencies reject (397.258625ms)
✔ actual typescript linked imports and Unicode operations match TypeScript reference (623.768708ms)
✔ actual python linked imports and Unicode operations match TypeScript reference (738.660292ms)
✔ actual rust linked imports and Unicode operations match TypeScript reference (1541.63325ms)
✔ V17 generated 13×5 corpus exposes the next valid task-state gaps (1285.755542ms)
✔ V17 projection round-trips the previous 11×5 valid contract contexts (1187.900583ms)
ℹ tests 121
ℹ suites 0
ℹ pass 121
ℹ fail 0
ℹ cancelled 0
ℹ skipped 0
ℹ todo 0
ℹ duration_ms 72099.361583
