✔ V5 parses visible Atomic bodies and rejects altered rollback scaffolding; V4 stays closed (113.731125ms)
✔ development reference establishes return/rollback/effect and settled-task allocation semantics (1.896625ms)
✔ actual typescript Atomic matches reference rollback and nonlocal return semantics (391.125875ms)
✔ actual python Atomic matches reference rollback and nonlocal return semantics (53.656625ms)
✔ actual rust Atomic matches reference rollback and nonlocal return semantics (1204.302292ms)
✔ actual typescript Atomic restores state and native step counter after authority and budget faults (104.398708ms)
✔ actual python Atomic restores state and native step counter after authority and budget faults (47.514ms)
✔ actual rust Atomic restores state and native step counter after authority and budget faults (739.858625ms)
✔ V12 parses visible blockless bindings to the exact root and guards slot scaffolding (104.912ms)
✔ each blockless If, While and Atomic shape independently selects V12 (17.293666ms)
✔ V12 reference run covers selected branches, skipped bindings, loop rebinding, Atomic, assignment and shadow fallback (1.141416ms)
✔ V12 explicitly rejects invalid blockless binding types (0.499209ms)
✔ V12 profile propagates through an exact-address import closure (26.03075ms)
✔ V12 actual typescript execution matches reference binding outcomes (407.723792ms)
✔ V12 actual python execution matches reference binding outcomes (46.8845ms)
✔ V12 actual rust execution matches reference binding outcomes (3768.653916ms)
✔ composite profiles preserve exact AST identities and parse visible collection/field edits (139.719083ms)
✔ actual typescript composite execution preserves aliasing, old records, lazy Result branches, callbacks and write order (102.372125ms)
✔ actual python composite execution preserves aliasing, old records, lazy Result branches, callbacks and write order (64.832959ms)
✔ actual rust composite execution preserves aliasing, old records, lazy Result branches, callbacks and write order (3608.438667ms)
✔ continuation source keeps bodies visible and validates capture scaffolding (125.69825ms)
✔ actual typescript closures/tasks preserve captures, identity and effect authority (89.370416ms)
✔ actual python closures/tasks preserve captures, identity and effect authority (72.03875ms)
✔ actual rust closures/tasks preserve captures, identity and effect authority (845.788167ms)
✔ actual typescript completed tasks retain results under revocation without redispatch (100.761ms)
✔ actual python completed tasks retain results under revocation without redispatch (49.103166ms)
✔ actual rust completed tasks retain results under revocation without redispatch (753.973ms)
✔ indirect contract callbacks fail explicitly and blockless bindings select V12 (53.856917ms)
✔ V11 parses visible pure contract calls and preserves exact AST identities (52.05925ms)
✔ V11 rejects undeclared purity, unsynthesized and indirect paths through contract callees (8.440209ms)
✔ V11 resolves a pure contract callee through an exact-address dependency (28.824625ms)
✔ V11 actual typescript contract calls enforce pre and postconditions after mutation (389.302792ms)
✔ V11 actual python contract calls enforce pre and postconditions after mutation (38.941833ms)
✔ V11 actual rust contract calls enforce pre and postconditions after mutation (3627.27175ms)
✔ V13 contract calls accept read-only composite inputs and pure sequence folds (83.869458ms)
✔ V13 rejects mutable and effectful contract callees, including transitive paths (45.522291ms)
✔ a valid pure closure predicate remains an explicit G1 projection gap (3.276292ms)
✔ V13 carries typed contract helpers through an exact-address import closure (25.51325ms)
✔ V13 actual typescript composite contract checks pass and fail before body execution (400.583792ms)
✔ V13 actual python composite contract checks pass and fail before body execution (44.78475ms)
✔ V13 actual rust composite contract checks pass and fail before body execution (3487.359041ms)
✔ V9 round-trips null bodies exactly and rejects changed executable scaffolding (29.08275ms)
✔ V9 propagates unsynthesized dependency identity through exact-address imports (26.120541ms)
✔ V9 actual typescript declaration traps while synthesized code executes (381.802666ms)
✔ V9 actual python declaration traps while synthesized code executes (38.23975ms)
✔ V9 actual rust declaration traps while synthesized code executes (3438.964958ms)
✔ scalar native profiles round-trip all emitted control flow and parse actual visible edits (119.472167ms)
✔ unsupported projected AST and host syntax reject rather than use placeholders or hidden IR (27.264583ms)
✔ actual typescript execution preserves booleans, arbitrary integers, negative division, overflow, contracts and effects (81.675041ms)
✔ actual python execution preserves booleans, arbitrary integers, negative division, overflow, contracts and effects (47.118709ms)
✔ actual rust execution preserves booleans, arbitrary integers, negative division, overflow, contracts and effects (547.229583ms)
✔ declared scalar kinds retain type declarations, surfaces, branch shape and contract metadata (11.317084ms)
✔ generic captured closures and tasks round trip and execute in typescript (93.793458ms)
✔ generic captured closures and tasks round trip and execute in python (41.345292ms)
✔ generic captured closures and tasks round trip and execute in rust (769.2445ms)
✔ generic/nested AST identities and visible type witnesses round trip; unsupported open contexts reject (339.972833ms)
✔ reference interpreter establishes nested generic container and capability results (2.785917ms)
✔ actual typescript generic/nested source edits preserve containers and reject false witnesses before effects (470.371208ms)
✔ actual python generic/nested source edits preserve containers and reject false witnesses before effects (111.737875ms)
✔ actual rust generic/nested source edits preserve containers and reject false witnesses before effects (850.973917ms)
✔ every declared AST kind has a representative exact-root TS/Python/Rust round trip (471.767417ms)
✔ new Cond/ForAll/Surface/Un/Yield fixture matches the reference runtime (0.705875ms)
✔ free type variables without a binding are explicitly rejected in all targets (1.558541ms)
✔ actual typescript completes five missing AST kinds (352.178583ms)
✔ actual python completes five missing AST kinds (33.65525ms)
✔ actual rust completes five missing AST kinds (3456.538958ms)
✔ actual typescript standard ledger preserves aliases, transfer/settle contracts and grants (110.347291ms)
✔ actual python standard ledger preserves aliases, transfer/settle contracts and grants (57.929542ms)
✔ actual rust standard ledger preserves aliases, transfer/settle contracts and grants (3465.707458ms)
✔ H1/H2: Rust and Python projections expose the same semantic functions (2.6695ms)
✔ H4: structural diff projection renders only changed graph paths (4.38ms)
✔ H3: projection language server applies a text edit through a branch CAS (542.122625ms)
✔ J5: every AST kind has explicit projection support metadata (0.880583ms)
✔ J6: standard LSP frames decode incrementally and syntax errors become diagnostics (472.821208ms)
✔ V8 nested imports retain exact module/address identity and reject altered or missing dependencies (75.207458ms)
✔ V8 closes a transitive nested import inside an addressed dependency (1171.138ms)
✔ actual typescript nested exact-address import executes the same result (384.114625ms)
✔ actual python nested exact-address import executes the same result (38.367542ms)
✔ actual rust nested exact-address import executes the same result (662.873584ms)
✔ edited nested TypeScript dependency rebinds its address and runs the changed program (87.176292ms)
✔ V10 keeps quantifier and Result binders local inside old snapshots (46.020292ms)
✔ V10 actual typescript old-binder execution sees pre-state (396.168459ms)
✔ V10 actual python old-binder execution sees pre-state (43.236625ms)
✔ V10 actual rust old-binder execution sees pre-state (4291.118458ms)
✔ Risk R3: parse(project(x)) is the identical node, not merely an equivalent one (10.452375ms)
✔ the round trip is idempotent under repetition (1.612708ms)
✔ a human edit to the projection lands as a node mutation (7.634875ms)
✔ randomly generated expressions survive the round trip (4.788958ms)
✔ precedence is preserved without over-parenthesising (0.170625ms)
✔ an unsynthesized contract projects and parses as a body-less declaration (0.199416ms)
✔ out-of-scope identifiers are rejected rather than silently bound (0.318209ms)
✔ result and old are only special inside an ensures clause (0.097916ms)
✔ capabilities and provenance survive the projection (0.414625ms)
✔ the auditor view adds causal lineage without changing the code (4.023875ms)
✔ pinned Unicode17 tables cover every scalar mapping of the actual TypeScript reference (274.941125ms)
✔ V6 exact import closure round trips; missing, altered and unselected dependencies reject (378.605709ms)
✔ actual typescript linked imports and Unicode operations match TypeScript reference (583.262959ms)
✔ actual python linked imports and Unicode operations match TypeScript reference (704.852ms)
✔ actual rust linked imports and Unicode operations match TypeScript reference (1436.070417ms)
ℹ tests 99
ℹ suites 0
ℹ pass 99
ℹ fail 0
ℹ cancelled 0
ℹ skipped 0
ℹ todo 0
ℹ duration_ms 50495.288916
