✔ semantic GC proposes real dead declaration removal and pure wrapper collapse with portable equivalence and unchanged exports/effects/contracts (1593.169834ms)
✔ semantic GC requires signed exact lineage and governor promotion; rollback is a newly authorized reverse operation (5624.066833ms)
✔ semantic GC retains audit/replay/active-task/unstable-replication roots while sweeping actual unprotected garbage (2019.662584ms)
✔ semantic GC refuses relabeled unsafe rewrites and incomplete portable certificates (1328.0685ms)
✔ semantic GC retains signed formal fence symbols/nonempty contracts and accepts only valid fence schemas (1308.212875ms)
✔ semantic GC derives portable Boolean equivalence instead of relying only on integer test examples (1356.517209ms)
✔ semantic GC refuses unsupported nonlinear equivalence without changing the production head (1328.919667ms)
✔ semantic GC revocation during prepared promotion aborts the staged target; no commit is guessed (2203.055ms)
✔ semantic GC activation recovery follows the committed governor decision and remains idempotent (2604.316375ms)
✔ semantic GC explicit background scheduling emits a durable candidate and stops without production publication (1534.553917ms)
✔ branch profile prunes symbolic/literal unreachable arms, preserves selected scopes/effects and removes newly unreachable declarations from the candidate (2616.462417ms)
✔ legacy forwarder profile keeps branch syntax and cannot reopen a new branch-profile journal (1589.718917ms)
✔ legacy forwarder and flattened-branch proposals remain readable but cannot start new promotions (3676.606042ms)
✔ historical branch flattening changes a finite-step sink outcome and is barred from new promotion (2800.779125ms)
✔ fuel-preserving branch profile removes cold If calls but keeps exact reference-runtime effects and quota faults (3269.978041ms)
✔ fuel-preserving Cond profile removes the cold effect expression without moving its guard or chosen arm (2112.708125ms)
✔ branch profile handles Cond expressions and definitely initialized local bindings without flattening blocks (1554.94375ms)
✔ branch pruning does not erase a condition call or its effects even when the callee always returns true (1667.60475ms)
✔ branch pruning does not treat an entry precondition or an earlier assigned value as a permanent branch fact (1193.257667ms)
✔ dead-branch cleanup and inverse rollback require fresh signed F08 authority and retain condition certificates through GC (9179.6085ms)
✔ branch proofs preserve contract and loop annotation identities while pruning a stable condition inside a loop (2358.902833ms)
✔ portable branch proof does not claim a partial division condition is universally total from an entry precondition (1540.287416ms)
✔ branch admission rejects missing/swapped certificates, invalid source sites, wrong-arm code and relabeled condition claims (2850.660667ms)
✔ branch analysis does not assume a local declared in only one syntactic arm is definitely bound (1367.741416ms)
✔ persisted branch witnesses are checked with the portable proof producer replaced by a throwing stub (3132.062166ms)
✔ scalar shim profile retires a non-forwarding arithmetic adapter with a portable total-equivalence certificate (2244.866166ms)
✔ scalar shim comparison handles Boolean conditional adapters that the uniform-branch profile cannot simplify (1583.726167ms)
✔ scalar shim redirection evaluates every original argument once and in order even when parameters are reused or unused (1963.123834ms)
✔ scalar shim retirement is opt-in; the branch-only profile retains non-forwarding adapters (1568.67225ms)
✔ legacy scalar shim proof remains readable but a new quota-changing promotion is refused before preparation (2495.175375ms)
✔ scalar shim comparison refuses unequal, nonempty-frame and call-bearing implementations (6545.892958ms)
✔ V2 call-bearing scalar shim proves a closed helper expansion before redirecting live callers (2433.786666ms)
✔ V2 call-bearing shim keeps a helper with runtime contract checks or partial arithmetic (3614.771375ms)
✔ V2 call-bearing shim refuses to erase an evaluated partial helper argument (1594.644167ms)
✔ scalar shim retirement preserves exports, explicit protection and signed fences even for equivalent bodies (4686.186917ms)
✔ transparent forwarding and general scalar shim proofs compose without target cycles (2509.055625ms)
✔ scalar shim admission rejects missing proofs, changed declaration identity and alternate result code (2036.960875ms)
✔ scalar shim certificates remain independently checkable with proof search disabled (1797.382167ms)
✔ V3 Wasm descriptor binds bytes, fixed read-only semantics and finite resource limits (2.385416ms)
✔ V3 approved Wasm bytes run through a branded isolated adapter and actual durable broker (287.581583ms)
✔ approved exact adapter bytes mint one immutable code-provenance identity (77.223541ms)
✔ changed or malformed source fails before execution; descriptor mismatch cannot mint provenance (0.751625ms)
✔ caller mutation during asynchronous module import cannot relabel admitted source bytes (0.53675ms)
✔ V2 signs an import-free profile and admits local exports with import text in comments and strings (1.650042ms)
✔ dependency syntax is refused before either the adapter or imported module can run (2.432167ms)
✔ old V1 identity keeps import-capable behavior only through the explicit legacy admission profile (0.876083ms)
✔ unsupported adapter module syntax fails before top-level execution (0.294708ms)
✔ V2 releases active-task records after a committed checkpoint while replay remains pinned (7661.192125ms)
✔ forged receipt, stale proof and witness outage or rollback refuse release (23222.136166ms)
✔ an active checkpoint has no release proof and keeps both pin kinds (1883.478292ms)
✔ a durable release record survives a crash before physical lease retirement (6291.244375ms)
✔ another process racing a new active pin is serialized or fails closed (6606.289458ms)
✔ live ProcessDeployment refuses Artifact/3 before worker or effect dispatch (699.003666ms)
✔ strict process deployment carries scoped grants through the production host and sink (2486.903625ms)
✔ process deployment factory serves a signed effect resource policy bound to the admitted artifact (1365.182917ms)
✔ fresh production deployment serves exact loader-admitted adapter bytes under signed v2 policy (7950.631583ms)
✔ default effectful deployment pins independent signer across real sink, candidate and restart (10614.477375ms)
✔ explicit anchored-v4 compatibility reopens old adapter-policy bytes without silent upgrade (5123.892084ms)
✔ anchored promotion binds signer identity and refuses key substitution before activation (18825.181166ms)
✔ F08 process deployment: rejected composition, approved migration/body change and rollback preserve real ledger state (4422.9095ms)
✔ F08 process deployment: forged/stale approvals and changed schemas preserve serving state (1222.995709ms)
✔ F08 process deployment: preparation freezes source calls and postcommit activation failure blocks old-root serving until recovery (1474.882291ms)
✔ F08 process deployment: in-flight source writes drain before preparation and invalidate stale snapshot approval (1268.001417ms)
✔ F08 process deployment: actual coordinator death before/after commit reloads artifacts and follows only durable decision (17339.085125ms)
✔ F08 process deployment: receipt loss after inner durable commit recovers original invocation without another append (3065.967416ms)
✔ F08 process deployment: outer intent without inner execution needs authorized abort, while committed receipt survives observer failure (1944.32525ms)
✔ F08 review: invalid typed allocations and calls are rejected before outer intents and do not wedge the deployment (1917.58625ms)
✔ F08 review: cached receipts and fresh intents recheck revocation after the awaited source snapshot (735.66325ms)
✔ F08 review: recovery freezes strategy and rechecks permission after awaits and before receipt publication (841.086916ms)
✔ asynchronous deployment recovery policy is denied before host recovery or receipt publication (600.062083ms)
✔ F08 review: repeated manifest activation rejects historical ABA handles without changing workers or serving generation (2863.849875ms)
✔ deployment cached receipts retain historical capability authority when a later declaration weakens (1050.530042ms)
✔ deployment legacy profile adoption is explicit and preserves durable receipts (1259.509417ms)
✔ fresh production deployment requires an independent signer anchor and preserves explicit legacy histories (506.144083ms)
✔ fresh signed deployment refuses unsigned effect services before durable genesis (79.639333ms)
✔ v2 capability history needs explicit legacy adoption and retains settled calls (1147.982291ms)
✔ strict ProcessHost grants bind real worker calls to audience, generation and durable revocation (1433.676333ms)
✔ strict ProcessHost rechecks a grant after effect intent and before the external sink (610.222792ms)
✔ strict pure worker call cannot publish state after invocation grant revocation at final commit (630.383459ms)
✔ strict ProcessHost rejects pre-migration grants after a durable ownership generation change (673.246875ms)
✔ trusted effect resource policy denies a valid grant for the wrong ledger target (713.691916ms)
✔ signed resource policy binds a real process effect to its manifest and current grant epoch (806.67475ms)
✔ signed process policy refuses a changed adapter before dispatch (624.733958ms)
✔ v2 process policy requires the exact loader-admitted adapter bytes before a real sink (712.258875ms)
✔ anchored ProcessHost pins signer key in durable configuration across reopen (854.48175ms)
✔ anchored V3 ProcessHost binds import-free adapter, signer key, epoch and host-config/3 before effects (1051.364ms)
✔ anchored V3 ProcessHost refuses a policy epoch change at effect intent without publishing heap or sink (624.166416ms)
✔ strict scoped grants remain bound through an actual cross-process nested call (694.696667ms)
✔ legacy and strict process profiles reject live closure transfer before external effects (657.2645ms)
✔ F07 coordinator: actual ledger workers preserve state, exact receipts, allocator and migration epochs (1436.916959ms)
✔ F07 coordinator: nested A→B→A passes current heap at every call/effect and preserves aliases (902.323083ms)
✔ F07 coordinator: migration failures obey the durable commit decision and retain both snapshots (1766.308041ms)
✔ F07 coordinator: uncertain calls block migration and only privileged no-effect abort can clear them (1144.364334ms)
✔ F07 coordinator: actual parent death at every migration boundary preserves the decision on same-ID retry (7194.835125ms)
✔ F07 coordinator: actual parent death after sink commit requires real receipt reconciliation and isolated replay (4243.061584ms)
✔ F07 coordinator: concurrent host instances serialize a shared canonical heap (1120.60275ms)
✔ F07 coordinator: seeded cyclic/shared logical references survive a real-worker migration from generation zero (1530.905875ms)
✔ F07 coordinator: effect dispatch rechecks invocation expiry and journal corruption cannot invent outcomes (516.118417ms)
✔ F07 coordinator: two actual parent processes retry one operation without a duplicate sink commit (1893.916542ms)
✔ F07 coordinator: an actual worker timeout remains indeterminate until privileged safe abort (1264.552541ms)
✔ F07 coordinator: mutable caller objects cannot change queued intent or authorized recovery strategy (1339.446667ms)
✔ F07 coordinator: caller operation IDs cannot collide with another call boundary path (833.00225ms)
✔ F07 coordinator: revoked recovery authorization cannot publish a safe abort or replay result (1145.593125ms)
✔ asynchronous recovery policy cannot publish an abort or replay (423.836125ms)
✔ F07 coordinator: current state is bound to retained transition receipts, including against old snapshot substitution (452.11175ms)
✔ F07 coordinator: real workers enforce declared argument/result types and sound scalar generics (445.351375ms)
✔ host-bound semantic retention pins exact task/replay roots before checkpoint publication and survives direct collection and reopen (7916.350625ms)
✔ host-bound retention rejects removed marker, missing AST root and wrong authority on reopen (5784.765833ms)
✔ retention loss at the host publication phase blocks the durable heap decision (6851.955417ms)
✔ controller death before pin and after checkpoint decision preserves the correct AST/lease ordering (16917.884375ms)
✔ Artifact/3 init/2 executes source and candidate in separate real workers (2158.893541ms)
✔ Artifact/3 launches the rebuilt closed worker bundle with its measured input set (2682.65125ms)
✔ Artifact/3 virtual worker preserves source production guard denial order (2844.459084ms)
✔ Artifact/3 worker denies altered roots, descriptor and executable bytes before dispatch (1963.58175ms)
✔ Artifact/3 worker refuses trust accessors and proxies before reading them (1379.390875ms)
✔ Artifact/3 init/2 independently rejects tampered child payload before a worker call (1848.905584ms)
✔ Artifact/3 reloads exact source, candidate, wrapper, V3 evidence and measured bytes (1173.949875ms)
✔ Artifact/3 rejects altered source, candidate, descriptor, wrapper, profile and executable bytes (1221.587791ms)
✔ Artifact/3 rejects unrelated signed lineage and forged admission authority (2815.218417ms)
✔ Artifact/3 rejects effectful subjects, malformed IR and legacy version substitution (2405.256584ms)
✔ worker bundle is rebuilt from a closed input graph and refuses stale or tampered bytes (2593.258833ms)
✔ worker graph rejects missing and tree-shaken dynamic imports before measurement (11.487333ms)
✔ actual bundled worker launches and returns an authenticated pre-init refusal (952.748458ms)
ℹ tests 123
ℹ suites 0
ℹ pass 123
ℹ fail 0
ℹ cancelled 0
ℹ skipped 0
ℹ todo 0
ℹ duration_ms 332875.989125
