✔ versioned evidence derives the archived wrapper as an exact checked dependency (16.273667ms)
✔ virtual evidence refuses policy, descriptor, source, profile and closure substitutions (9.62875ms)
✔ strict signed lineage admits the archived wrapper dependency and retains it after collection (1030.981875ms)
✔ every admitted artifact and shared child resolves to all signed causal links after reopen and GC (760.700375ms)
✔ malformed lineage authority cannot authorize through string substring membership (457.514708ms)
✔ forged signatures, missing intent ancestry and mismatched evidence cannot authorize artifacts (501.866208ms)
✔ spec revisions invalidate every derived artifact, shared node and ancestor without a clear-flag bypass (751.083833ms)
✔ explicit signed reconciliation preserves historical causes while requiring new specification-bound evidence (660.190667ms)
✔ transitive specification parents propagate invalidation through derived clauses (562.393792ms)
✔ fences reject pruning, removed contracts and vacuous proofs from strengthened preconditions (1105.737875ms)
✔ strict promotion adapter requires full parent lineage and an explicit fresh precommit checkpoint (1018.804042ms)
✔ authority revocation during asynchronous preparation is rechecked before commit (709.228541ms)
✔ specification compare-and-swap rejects stale edits and missing initialized metadata fails closed (406.703042ms)
✔ actual SIGKILL before-state-publish preserves a complete old or new specification epoch (757.226292ms)
✔ actual SIGKILL after-state-publish preserves a complete old or new specification epoch (709.145958ms)
✔ a recomputed journal checksum cannot swap signed evidence or hide shared child lineage (976.924958ms)
✔ an actual concurrent spec editor waits for the strict promotion admission lock (972.615625ms)
✔ external dependency AST content is persisted, pinned and linked to its signed artifact (674.894959ms)
✔ strict adapters are branded and renewed artifact authorization does not erase historical causes (731.652917ms)
✔ V2 one-wrapper proposal promotes signed V3 exact dependencies and retains predecessor (3956.851084ms)
✔ V2 refuses altered descriptor, substituted plans, stale lineage and retention (3597.349875ms)
✔ V2 committed decision recovers only with its exact persisted proposal (3324.064458ms)
✔ V2 ignores a caller-owned store pointer swapped after construction (4046.241792ms)
✔ V2 keeps its original export fence when caller-owned policy arrays change (1434.131666ms)
✔ V2 recovery refuses a finalized retry after another writer moved the local head (4000.367792ms)
✔ V2 retention fence rejects a ledger for another store or policy (1340.734084ms)
✔ semantic GC proposes real dead declaration removal and pure wrapper collapse with portable equivalence and unchanged exports/effects/contracts (1769.606792ms)
✔ semantic GC requires signed exact lineage and governor promotion; rollback is a newly authorized reverse operation (5740.297ms)
✔ semantic GC retains audit/replay/active-task/unstable-replication roots while sweeping actual unprotected garbage (2509.752667ms)
✔ semantic GC refuses relabeled unsafe rewrites and incomplete portable certificates (1541.223792ms)
✔ semantic GC retains signed formal fence symbols/nonempty contracts and accepts only valid fence schemas (1415.192667ms)
✔ semantic GC derives portable Boolean equivalence instead of relying only on integer test examples (1460.386709ms)
✔ semantic GC refuses unsupported nonlinear equivalence without changing the production head (1147.31875ms)
✔ semantic GC revocation during prepared promotion aborts the staged target; no commit is guessed (2214.728291ms)
✔ semantic GC activation recovery follows the committed governor decision and remains idempotent (2284.949916ms)
✔ semantic GC explicit background scheduling emits a durable candidate and stops without production publication (1484.397042ms)
✔ branch profile prunes symbolic/literal unreachable arms, preserves selected scopes/effects and removes newly unreachable declarations from the candidate (2573.433209ms)
✔ legacy forwarder profile keeps branch syntax and cannot reopen a new branch-profile journal (1645.690459ms)
✔ legacy forwarder and flattened-branch proposals remain readable but cannot start new promotions (3718.885292ms)
✔ historical branch flattening changes a finite-step sink outcome and is barred from new promotion (2829.173833ms)
✔ fuel-preserving branch profile removes cold If calls but keeps exact reference-runtime effects and quota faults (3344.100666ms)
✔ fuel-preserving Cond profile removes the cold effect expression without moving its guard or chosen arm (2499.978417ms)
✔ branch profile handles Cond expressions and definitely initialized local bindings without flattening blocks (1478.476125ms)
✔ branch pruning does not erase a condition call or its effects even when the callee always returns true (1660.638458ms)
✔ branch pruning does not treat an entry precondition or an earlier assigned value as a permanent branch fact (1089.752958ms)
✔ dead-branch cleanup and inverse rollback require fresh signed F08 authority and retain condition certificates through GC (8211.768292ms)
✔ branch proofs preserve contract and loop annotation identities while pruning a stable condition inside a loop (1759.562709ms)
✔ portable branch proof does not claim a partial division condition is universally total from an entry precondition (1271.401417ms)
✔ branch admission rejects missing/swapped certificates, invalid source sites, wrong-arm code and relabeled condition claims (2498.351625ms)
✔ branch analysis does not assume a local declared in only one syntactic arm is definitely bound (1317.966958ms)
✔ persisted branch witnesses are checked with the portable proof producer replaced by a throwing stub (2152.410708ms)
✔ scalar shim profile retires a non-forwarding arithmetic adapter with a portable total-equivalence certificate (1735.819042ms)
✔ scalar shim comparison handles Boolean conditional adapters that the uniform-branch profile cannot simplify (1368.181ms)
✔ scalar shim redirection evaluates every original argument once and in order even when parameters are reused or unused (1635.361458ms)
✔ scalar shim retirement is opt-in; the branch-only profile retains non-forwarding adapters (1164.547ms)
✔ legacy scalar shim proof remains readable but a new quota-changing promotion is refused before preparation (2002.200708ms)
✔ scalar shim comparison refuses unequal, nonempty-frame and call-bearing implementations (4749.319125ms)
✔ V2 call-bearing scalar shim proves a closed helper expansion before redirecting live callers (2054.346041ms)
✔ V2 call-bearing shim keeps a helper with runtime contract checks or partial arithmetic (2282.429541ms)
✔ V2 call-bearing shim refuses to erase an evaluated partial helper argument (1267.90725ms)
✔ scalar shim retirement preserves exports, explicit protection and signed fences even for equivalent bodies (3637.117459ms)
✔ transparent forwarding and general scalar shim proofs compose without target cycles (1773.188416ms)
✔ scalar shim admission rejects missing proofs, changed declaration identity and alternate result code (1496.290917ms)
✔ scalar shim certificates remain independently checkable with proof search disabled (1272.77ms)
✔ unstable replication pins source and inbound AST roots across a killed ingest, collection and process reopen (1582.094667ms)
✔ unstable replication refuses a missing authority, missing record, retired physical lease and mismatched identity (1478.281292ms)
✔ checkpoint transition pins next-epoch base before publication and retains old epoch roots after unanimous ACK (3553.881083ms)
✔ active task pins module and dependency before the first frame and survives collection before any checkpoint (1974.787041ms)
✔ active task rejects missing marker and cannot recreate it from existing pins (819.982334ms)
✔ active task rejects missing retention record, lease, and altered marker before continuing (1877.655375ms)
✔ active task refuses a forged authority and program digest before publishing a frame (323.95875ms)
✔ one execution identity cannot silently switch its manifest after an active pin (629.308416ms)
✔ actual process death after start and before first checkpoint keeps active roots recoverable (2239.083208ms)
✔ direct checkpoint pins exact module and external dependency before head publication and survives draft release, collection, and reopen (1230.765542ms)
✔ direct checkpoint rejects missing marker, replay records, graph leases, and collector profile on load and reopen (4202.358375ms)
✔ direct checkpoint rejects altered marker and cannot attach retention to a legacy journal (1114.952417ms)
✔ direct replay authority rejects a forged program digest before journal publication (294.107791ms)
✔ direct checkpoint before-head-publish fault leaves valid prior or next head with all replay pins (1935.931792ms)
✔ direct checkpoint after-head-publish fault leaves valid prior or next head with all replay pins (2052.926584ms)
✔ actual process death before-head-publish keeps direct checkpoint replay roots (2237.997042ms)
✔ actual process death after-head-publish keeps direct checkpoint replay roots (2265.894625ms)
✔ checked opt-in compiles exactly the source bytecode with archived wrapper frames (21.161834ms)
✔ tight bytecode quotas, effect instruction timing, direct calls and frames match source (4625.386125ms)
✔ checkpoint after entering the archived wrapper restores and resumes identically (185.179834ms)
✔ fresh process restores the archived wrapper frame and reaches the same result (301.873ms)
✔ direct replay retention keeps a virtual wrapper and target available after collection (6615.320458ms)
✔ unadmitted effect broker and ProcessHost routes reject the profile before side effects (1.991125ms)
✔ descriptor, archived declaration and manifest identity mismatches fail before execution (13.062ms)
✔ host-bound semantic retention pins exact task/replay roots before checkpoint publication and survives direct collection and reopen (7649.033834ms)
✔ host-bound retention rejects removed marker, missing AST root and wrong authority on reopen (5378.451708ms)
✔ retention loss at the host publication phase blocks the durable heap decision (6072.44375ms)
✔ controller death before pin and after checkpoint decision preserves the correct AST/lease ordering (13894.045833ms)
ℹ tests 92
ℹ suites 0
ℹ pass 92
ℹ fail 0
ℹ cancelled 0
ℹ skipped 0
ℹ todo 0
ℹ duration_ms 196811.76875
