✔ v2 evidence policy binds hard SMT profile to exact manifest and reverified peer evidence (149.146917ms)
✔ F06 compiler admission consumes branded evidence and preserves every external precondition (18.281ms)
✔ F06 compiler admission retains property-classified postconditions (5.999292ms)
✔ F06: actual local solver evidence is bound, immutable and distinguishable from peer claims (8.433292ms)
✔ F06/G1: every execution-subject field invalidates old evidence (11.3655ms)
✔ F06/G1: actual transitive external dependency content is resolved and pinned (2.656583ms)
✔ F06/G2: malformed, truncated, duplicate, hidden-assumption and forged evidence fails closed (13.441542ms)
✔ F06/G2: unchecked caller preconditions and absent frame contracts do not mint evidence (4.234416ms)
✔ F06/G3: property classification remains delegated and never becomes formal proof (5.548209ms)
✔ F06: modeled ledger record transitions and formal loops are accepted with property clauses retained (20.217125ms)
✔ F06: actual verifier alias assumptions remain explicit and cannot authorize evidence (2.298291ms)
✔ F06: type and capability validation precede proof admission (0.743041ms)
✔ F06/G2: actual exhausted solver budgets and truncated branch exploration cannot mint evidence (53.069125ms)
✔ F06: concrete nested-alias verifier gap is rejected before a false proof can authorize elision (1.313792ms)
✔ versioned evidence derives the archived wrapper as an exact checked dependency (14.774583ms)
✔ virtual evidence refuses policy, descriptor, source, profile and closure substitutions (10.401083ms)
✔ strict signed lineage admits the archived wrapper dependency and retains it after collection (895.603416ms)
✔ every admitted artifact and shared child resolves to all signed causal links after reopen and GC (767.857833ms)
✔ malformed lineage authority cannot authorize through string substring membership (473.29525ms)
✔ forged signatures, missing intent ancestry and mismatched evidence cannot authorize artifacts (500.032666ms)
✔ spec revisions invalidate every derived artifact, shared node and ancestor without a clear-flag bypass (832.225959ms)
✔ explicit signed reconciliation preserves historical causes while requiring new specification-bound evidence (909.048041ms)
✔ transitive specification parents propagate invalidation through derived clauses (739.50925ms)
✔ fences reject pruning, removed contracts and vacuous proofs from strengthened preconditions (1232.997125ms)
✔ strict promotion adapter requires full parent lineage and an explicit fresh precommit checkpoint (1192.826375ms)
✔ authority revocation during asynchronous preparation is rechecked before commit (845.590917ms)
✔ specification compare-and-swap rejects stale edits and missing initialized metadata fails closed (482.148083ms)
✔ actual SIGKILL before-state-publish preserves a complete old or new specification epoch (819.802083ms)
✔ actual SIGKILL after-state-publish preserves a complete old or new specification epoch (826.921916ms)
✔ a recomputed journal checksum cannot swap signed evidence or hide shared child lineage (1205.22725ms)
✔ an actual concurrent spec editor waits for the strict promotion admission lock (1114.799416ms)
✔ external dependency AST content is persisted, pinned and linked to its signed artifact (686.3845ms)
✔ strict adapters are branded and renewed artifact authorization does not erase historical causes (766.5125ms)
✔ unused declarative registration retires with independent dispatch proof, unchanged AST and retained source bytes (3642.794625ms)
✔ exported, protected and signed-fenced adapter consumers cannot be retired (3283.705666ms)
✔ active tasks, replay and unstable replication keep every referenced adapter; audit retains history without activating dead code (5475.623166ms)
✔ one retained executable reference combines its module and exact dependency declarations (3569.2585ms)
✔ retained executable dependencies without a module or with conflicting definitions fail closed (2269.414041ms)
✔ retained module with a missing dependency callee refuses retirement (978.422291ms)
✔ new retention before publication and unsigned candidate policy refuse advancement (2002.961208ms)
✔ retention publication fence serializes a task pin from another process (953.022958ms)
✔ altered mapping, incomplete certificate and rehashed dishonest liveness fail independent validation (1521.90925ms)
✔ unresolved/dynamic retained execution and eager lifecycle registration fail closed (1078.307334ms)
✔ consumer validates with proof search physically replaced by a throwing stub (1965.422417ms)
✔ signed registry corruption and established state deletion cannot reset retired mappings (2137.827333ms)
✔ V2 sink retirement proves exact unused registration and rule removal without live mutation (1293.115917ms)
✔ exported, protected, fenced and retained sink consumers cannot retire (5965.826667ms)
✔ V2 sink retirement includes retained dependency capabilities and still removes unrelated sinks (2998.607458ms)
✔ V2 sink retirement rejects a retained dependency without its module (1129.991ms)
✔ changed retention and dishonest liveness or table/rule edits fail independent verification (1384.868417ms)
✔ committed retirement proof remains auditable after later task pins but cannot be reused for a new commit (1500.703583ms)
✔ changed source/candidate roots, epochs and portable proof fail closed (1287.93125ms)
✔ independent verifier checks a portable proof when proof production is unavailable (1303.661ms)
✔ descriptor binds only rewritten candidate Call objects and derives exact ordered event script (7.684125ms)
✔ candidate builder removes only the checked wrapper and preserves other direct calls (3.340708ms)
✔ checker refuses tampered script, site, root and forged digest even when resealed (7.748041ms)
✔ candidate Call object aliasing cannot turn an unrelated target call into a virtual site (1.123292ms)
✔ changed candidate, nonempty contracts and nonforwarding wrapper fail closed (1.945667ms)
✔ dynamic calls, annotation calls and absent rewritten sites are unsupported (1.068792ms)
✔ unstable replication pins source and inbound AST roots across a killed ingest, collection and process reopen (1763.506709ms)
✔ unstable replication refuses a missing authority, missing record, retired physical lease and mismatched identity (1865.576542ms)
✔ checkpoint transition pins next-epoch base before publication and retains old epoch roots after unanimous ACK (3673.715875ms)
✔ Tree-CRDT refuses an imported content frame before it can become durable when its AST is absent (826.7355ms)
✔ Tree-CRDT reopens a historically published frame lacking a lease by rebuilding current epoch roots before GC (894.242541ms)
✔ Tree-CRDT reopen fails closed on a durable frame whose required AST content is missing (972.084166ms)
✔ Tree-CRDT SIGKILL after inbound frame publication leaves its AST pinned for direct GC and reopened materialization (1236.759583ms)
✔ Tree-CRDT materializes actual CAS roots; shared content has independent occurrences and concurrent edits converge (4981.438292ms)
✔ Tree-CRDT suppresses concurrent cycles deterministically and trash deletion remains restorable until certified collection (2345.033625ms)
✔ Tree-CRDT unanimous signed checkpoint reindexes and collects live tombstones without obsolete edit resurrection (3754.518917ms)
✔ Tree-CRDT invalid grouped roles, duplicate scalar children and invalid literal types stay candidates (1353.349542ms)
✔ checkpoint ACK validates full audit closure, canonical cut, exact projection, floor, roster and signatures before writing authority (1778.317ms)
✔ actual SIGKILL at after-fence preserves durable fencing or certified epoch; same certificate retry is idempotent (2240.858417ms)
✔ actual SIGKILL at checkpoint-prepared preserves durable fencing or certified epoch; same certificate retry is idempotent (2876.353875ms)
✔ actual SIGKILL at checkpoint-committed preserves durable fencing or certified epoch; same certificate retry is idempotent (2278.402208ms)
✔ actual SIGKILL at checkpoint-collected preserves durable fencing or certified epoch; same certificate retry is idempotent (2288.627583ms)
✔ late equivocation and predecessors recompute the candidate deterministically after duplicate and reversed delivery (1398.775208ms)
✔ grouped While children remain distinct and converged semantic failures do not publish a production root (4056.514ms)
✔ repeated certified epochs preserve live identity and clocks while stale archived restores cannot resurrect collected occurrences (5093.458667ms)
✔ missing causal predecessors prevent checkpoint certification and durable fence receipts resist metadata rollback (1197.541542ms)
✔ known post-fence signed extras prevent fresh certification while historical certified cuts remain arrival independent (1608.865125ms)
✔ honest partitioned inserts beyond the occurrence bound converge deterministically and leave deletion/checkpoint repair available (4031.304041ms)
✔ active task pins module and dependency before the first frame and survives collection before any checkpoint (2120.518584ms)
✔ active task rejects missing marker and cannot recreate it from existing pins (891.605916ms)
✔ active task rejects missing retention record, lease, and altered marker before continuing (1992.652583ms)
✔ active task refuses a forged authority and program digest before publishing a frame (352.608458ms)
✔ one execution identity cannot silently switch its manifest after an active pin (655.856208ms)
✔ actual process death after start and before first checkpoint keeps active roots recoverable (2286.990416ms)
✔ direct checkpoint pins exact module and external dependency before head publication and survives draft release, collection, and reopen (1446.898125ms)
✔ direct checkpoint rejects missing marker, replay records, graph leases, and collector profile on load and reopen (5690.313292ms)
✔ direct checkpoint rejects altered marker and cannot attach retention to a legacy journal (1482.384459ms)
✔ direct replay authority rejects a forged program digest before journal publication (382.106291ms)
✔ direct checkpoint before-head-publish fault leaves valid prior or next head with all replay pins (2100.210791ms)
✔ direct checkpoint after-head-publish fault leaves valid prior or next head with all replay pins (2112.714417ms)
✔ actual process death before-head-publish keeps direct checkpoint replay roots (2286.918167ms)
✔ actual process death after-head-publish keeps direct checkpoint replay roots (2355.928708ms)
✔ checked opt-in compiles exactly the source bytecode with archived wrapper frames (20.575708ms)
✔ tight bytecode quotas, effect instruction timing, direct calls and frames match source (4229.647333ms)
✔ checkpoint after entering the archived wrapper restores and resumes identically (184.597875ms)
✔ fresh process restores the archived wrapper frame and reaches the same result (306.383583ms)
✔ direct replay retention keeps a virtual wrapper and target available after collection (6344.463625ms)
✔ unadmitted effect broker and ProcessHost routes reject the profile before side effects (1.819458ms)
✔ descriptor, archived declaration and manifest identity mismatches fail before execution (12.572834ms)
✔ host-bound semantic retention pins exact task/replay roots before checkpoint publication and survives direct collection and reopen (7314.403583ms)
✔ host-bound retention rejects removed marker, missing AST root and wrong authority on reopen (5900.764083ms)
✔ retention loss at the host publication phase blocks the durable heap decision (6279.847417ms)
✔ controller death before pin and after checkpoint decision preserves the correct AST/lease ordering (14297.699667ms)
ℹ tests 106
ℹ suites 0
ℹ pass 106
ℹ fail 0
ℹ cancelled 0
ℹ skipped 0
ℹ todo 0
ℹ duration_ms 185909.458667
