register.log: OK
run.log: OK
verify.log: OK
tests.log: OK
typecheck.log: OK
roadmap.log: OK
build.log: OK
raw/good-process.json: OK
raw/results.json: OK
raw/cases/good-10.json: OK
raw/cases/good-3.json: OK
raw/cases/good-2.json: OK
raw/cases/good-11.json: OK
raw/cases/good-9.json: OK
raw/cases/good-5.json: OK
raw/cases/good-4.json: OK
raw/cases/good-8.json: OK
raw/cases/good-7.json: OK
raw/cases/good-14.json: OK
raw/cases/good-6.json: OK
raw/cases/good-1.json: OK
raw/cases/good-12.json: OK
raw/cases/good-13.json: OK
raw/cases/good-0.json: OK
raw/registration.json: OK
raw/memory-pressure.json: OK
raw/broken-report.json: OK
raw/attempt.json: OK
raw/raw/memory/manifests/15fd7f8e9f4cb571c451b0da3243ba4e051e9545ba6a76599eb2001312dd7ea7.json: OK
raw/raw/broken/counterexamples/ebba7009934dcb48f81bff6e1568b38a57946265a5442c015eba954a226f5ec9.json: OK
raw/raw/broken/counterexamples/6f6bce03bd5a1a76ef06b0d5ab05b7b98c48f3786982159a6d050ffd8e497064.json: OK
raw/raw/broken/counterexamples/8198bdcf8164c29146f1222c774d3f7ee57a1322504fe6e483f14a4952c4da73.json: OK
raw/raw/broken/counterexamples/337c8e792e4b0af6206f8b9f65075436c925533456314f50ad61bdd2911215be.json: OK
raw/raw/broken/cases/8ab931b1eacd3f270864c34af3450077d9ef0e770b72fe95c3f091abd6d9a2c6.json: OK
raw/raw/broken/cases/f3b525b08c4a754db0d43ef5ae6a9e33bba2b2721489792451e9627012549fb8.json: OK
raw/raw/broken/cases/a642ba510ce2d8402958f3589b22a0e5747731c0a6d678c9390c5b4782a525ef.json: OK
raw/raw/broken/cases/055ba5168b12e9f086506baf0065ee7d2b908a73d6935f80da8084c785457565.json: OK
raw/raw/broken/cases/8082dfc15f8634388ab34a280c06495f28fdf8593c7150ba18be5ba1f4628703.json: OK
raw/raw/broken/cases/628d0a6a106426420d263307470ec59c72380300bbe6d473f6a32b51377b3a90.json: OK
raw/raw/broken/cases/2acf25a3a974939e9c35959ae4a99aa92d7c68d57d9dce9acfea24fae6033599.json: OK
raw/raw/broken/cases/ded6a97275a44ccefe207596b214a17c47decedc5c3803db66bb694288e6b611.json: OK
raw/raw/broken/cases/22f577dde054b221bb45d3357080e3c404d7102d5e59581148f7af47834e94c1.json: OK
raw/raw/broken/cases/4119f8e35b86b157bdb1ab220f308c9ae449fd91ee35c9f6ab033723b849015f.json: OK
raw/raw/broken/cases/20d84ed9c75a41bca272fa2db735726122e6d31ecc43cf5fd51b1468ff1668da.json: OK
raw/raw/broken/cases/f40149fb1db4c28a2d8f80640dc14274824a379417ead378d98206405cc15eb8.json: OK
raw/raw/broken/cases/0e1f636ef5e2046889a84406e1aafa190683cb13d48222250bfd6b6735b91713.json: OK
raw/raw/broken/cases/05c856a54cbe3677228a95b20ff9bb5df2f93d06cc2fac53e5a8f4934ff61aee.json: OK
raw/raw/broken/cases/0664074503bb019c9f893a50c6ab5408c2932aa711469661d0741e1d78c32ae7.json: OK
raw/raw/broken/effect-sinks/c0cbd18e5e3d03287865f93350952c7e3f38e1f193bd0ebaaa8737610ac709bd/ae6459aa9205d2db8449fc39d3a818afa8a343d219fb099fa6e1b469cfb1cd26.json: OK
raw/raw/broken/effect-sinks/c0cbd18e5e3d03287865f93350952c7e3f38e1f193bd0ebaaa8737610ac709bd/96b250a33f2f88e892a7605775c9d330e9c84093e14f24c875665d6b50161bdc.json: OK
raw/raw/broken/effect-sinks/a84e1558ec1f18faa0bc6d62896225ae5fae29e619e7ba7988d6da012ac81e95/a582ec6efd34656a05e79ad739309c67244c11d19d7a6a43db665c9bcf908188.json: OK
raw/raw/broken/effect-sinks/a7ac359a423bc630b4fb1ea5ed5f8544474bc22a5d08b29bb0de84d839ae8923/8e40cff29760f911d2ce227606e07a01ef6920a9aefa17bc0c90683183539c03.json: OK
raw/raw/broken/effect-sinks/a7ac359a423bc630b4fb1ea5ed5f8544474bc22a5d08b29bb0de84d839ae8923/4b696866205649ec96c01bf9cb51db94a2a1570062d9a95ad7e101301d101dfc.json: OK
raw/raw/broken/effect-sinks/b7330b234d485f79afca2904ab4cd1add77096af222e181385dac08d213aa16c/6fff0691235acf5766ca03be21d9ea69d138ac4011d3be15afb68aa9b04df769.json: OK
raw/raw/broken/effect-sinks/4ee65252fa6684410642c14034625853293e7b08dd787041d82784efed2f6a5f/fc9fb3fcba5ff549ffc61b285f5e1ba54de0a01386b832ed538f65a12342e899.json: OK
raw/raw/broken/effect-sinks/5ff1f5c6866c5a58be5c97929f79a7d4476908af16da7d80e4d26fe2bb9ffb58/18ca04f4d12eda29322a6f09eebb7660848a4308cf1695617bbe909f5d74652d.json: OK
raw/raw/broken/effect-sinks/5ff1f5c6866c5a58be5c97929f79a7d4476908af16da7d80e4d26fe2bb9ffb58/e8358a0d0f449cafe82fa9a4f3b21242a7a4a7551c6c303a970fc1bb5ed53e7b.json: OK
raw/raw/broken/effect-journals/c0cbd18e5e3d03287865f93350952c7e3f38e1f193bd0ebaaa8737610ac709bd/effects.json: OK
raw/raw/broken/effect-journals/c0cbd18e5e3d03287865f93350952c7e3f38e1f193bd0ebaaa8737610ac709bd/effect-lock-tickets/ticket-000000000001.json: OK
raw/raw/broken/effect-journals/c0cbd18e5e3d03287865f93350952c7e3f38e1f193bd0ebaaa8737610ac709bd/effect-lock-tickets/released-000000000002.json: OK
raw/raw/broken/effect-journals/c0cbd18e5e3d03287865f93350952c7e3f38e1f193bd0ebaaa8737610ac709bd/effect-lock-tickets/released-000000000001.json: OK
raw/raw/broken/effect-journals/c0cbd18e5e3d03287865f93350952c7e3f38e1f193bd0ebaaa8737610ac709bd/effect-lock-tickets/ticket-000000000002.json: OK
raw/raw/broken/effect-journals/a84e1558ec1f18faa0bc6d62896225ae5fae29e619e7ba7988d6da012ac81e95/effects.json: OK
raw/raw/broken/effect-journals/a84e1558ec1f18faa0bc6d62896225ae5fae29e619e7ba7988d6da012ac81e95/effect-lock-tickets/ticket-000000000001.json: OK
raw/raw/broken/effect-journals/a84e1558ec1f18faa0bc6d62896225ae5fae29e619e7ba7988d6da012ac81e95/effect-lock-tickets/released-000000000001.json: OK
raw/raw/broken/effect-journals/a7ac359a423bc630b4fb1ea5ed5f8544474bc22a5d08b29bb0de84d839ae8923/effects.json: OK
raw/raw/broken/effect-journals/a7ac359a423bc630b4fb1ea5ed5f8544474bc22a5d08b29bb0de84d839ae8923/effect-lock-tickets/ticket-000000000001.json: OK
raw/raw/broken/effect-journals/a7ac359a423bc630b4fb1ea5ed5f8544474bc22a5d08b29bb0de84d839ae8923/effect-lock-tickets/released-000000000002.json: OK
raw/raw/broken/effect-journals/a7ac359a423bc630b4fb1ea5ed5f8544474bc22a5d08b29bb0de84d839ae8923/effect-lock-tickets/released-000000000001.json: OK
raw/raw/broken/effect-journals/a7ac359a423bc630b4fb1ea5ed5f8544474bc22a5d08b29bb0de84d839ae8923/effect-lock-tickets/ticket-000000000002.json: OK
raw/raw/broken/effect-journals/b7330b234d485f79afca2904ab4cd1add77096af222e181385dac08d213aa16c/effects.json: OK
raw/raw/broken/effect-journals/b7330b234d485f79afca2904ab4cd1add77096af222e181385dac08d213aa16c/effect-lock-tickets/ticket-000000000001.json: OK
raw/raw/broken/effect-journals/b7330b234d485f79afca2904ab4cd1add77096af222e181385dac08d213aa16c/effect-lock-tickets/released-000000000001.json: OK
raw/raw/broken/effect-journals/4ee65252fa6684410642c14034625853293e7b08dd787041d82784efed2f6a5f/effects.json: OK
raw/raw/broken/effect-journals/4ee65252fa6684410642c14034625853293e7b08dd787041d82784efed2f6a5f/effect-lock-tickets/ticket-000000000001.json: OK
raw/raw/broken/effect-journals/4ee65252fa6684410642c14034625853293e7b08dd787041d82784efed2f6a5f/effect-lock-tickets/released-000000000001.json: OK
raw/raw/broken/effect-journals/5ff1f5c6866c5a58be5c97929f79a7d4476908af16da7d80e4d26fe2bb9ffb58/effects.json: OK
raw/raw/broken/effect-journals/5ff1f5c6866c5a58be5c97929f79a7d4476908af16da7d80e4d26fe2bb9ffb58/effect-lock-tickets/ticket-000000000001.json: OK
raw/raw/broken/effect-journals/5ff1f5c6866c5a58be5c97929f79a7d4476908af16da7d80e4d26fe2bb9ffb58/effect-lock-tickets/released-000000000002.json: OK
raw/raw/broken/effect-journals/5ff1f5c6866c5a58be5c97929f79a7d4476908af16da7d80e4d26fe2bb9ffb58/effect-lock-tickets/released-000000000001.json: OK
raw/raw/broken/effect-journals/5ff1f5c6866c5a58be5c97929f79a7d4476908af16da7d80e4d26fe2bb9ffb58/effect-lock-tickets/ticket-000000000002.json: OK
raw/raw/broken/manifests/c2422e85ffb03f4dd81bcfb5585f0083273fe351382b8f256c59c87a3ed50f7d.json: OK
raw/raw/broken/reports/e0737a70b507e035f192d13ebe85e2371f5f664585edd9fe6a200434aed7464f.json: OK
raw/raw/good/effect-crash-markers/f97d6b180bec9c3bb967f1f5ee0e44a1a3e2c9a5e02e958142d9ed8a7e79d27d.json: OK
raw/raw/good/effect-sinks/e994a38d151d0355ee3fcf13e7707e34a68413b59837e473ede5659620d1de46/4fb57e3e478decded82dc2eefcac2b8530d278a6403b846569c586c8c70fa08b.json: OK
raw/raw/good/effect-sinks/e994a38d151d0355ee3fcf13e7707e34a68413b59837e473ede5659620d1de46/ce4acf176cf2e9d31386ec00c265fa77620853c9b356db2ca7569c2a83034ecf.json: OK
raw/raw/good/effect-sinks/39cf0d31a02ef6674fa7ef959d45572c8ed8414f6dba62b9741f6c1c5bf008f4/a635e912107164a30f7a733275620a8969e9928c90a0697ab7ecc5d054739008.json: OK
raw/raw/good/effect-sinks/39cf0d31a02ef6674fa7ef959d45572c8ed8414f6dba62b9741f6c1c5bf008f4/70fe0c22d7f9fc2d95d20c1c025554f97ee06b4c3c6c6e7878f19b830c2a4d72.json: OK
raw/raw/good/effect-sinks/ba3ce363cf2e4d033945cbb2c4f61a0e2b4fc14e7192fc2f74b1e9bf353b9e60/c9908e53f84f3bb132ae7b85e54920a9c4cc9ee92d0a978f781c2d5a2b10fa28.json: OK
raw/raw/good/effect-sinks/2272700a63e2f6e43c203676c1f0cfd86061bb6f71e7897a56965fe1f102b21d/fed6cd59d5766b530df1a280b1daeba6fc0c70a70667a5c7ae65f3d63db9c808.json: OK
raw/raw/good/effect-sinks/2e07a036443a5e836b8e4697b1723e7454322d82023ae37feb662a8b78bbe01e/25bfa4bf4d1f767c9fdb5bcf44eccacd64d035b8c1229e7d862b0c47fa7c6bf6.json: OK
raw/raw/good/effect-sinks/2e07a036443a5e836b8e4697b1723e7454322d82023ae37feb662a8b78bbe01e/9752031068203a63dcbce238da0817f1339456f997e433518bdcc3559c308201.json: OK
raw/raw/good/effect-sinks/fc8656466d151112dd9f44a06ace338cd1ae77e8bbb3eeaf1a534f299a65610b/9dcf43ac87acdc316366925534b65953c58f7960e0b152a560c0c6e813191b11.json: OK
raw/raw/good/effect-journals/e994a38d151d0355ee3fcf13e7707e34a68413b59837e473ede5659620d1de46/effects.json: OK
raw/raw/good/effect-journals/e994a38d151d0355ee3fcf13e7707e34a68413b59837e473ede5659620d1de46/effect-lock-tickets/ticket-000000000001.json: OK
raw/raw/good/effect-journals/e994a38d151d0355ee3fcf13e7707e34a68413b59837e473ede5659620d1de46/effect-lock-tickets/released-000000000002.json: OK
raw/raw/good/effect-journals/e994a38d151d0355ee3fcf13e7707e34a68413b59837e473ede5659620d1de46/effect-lock-tickets/released-000000000001.json: OK
raw/raw/good/effect-journals/e994a38d151d0355ee3fcf13e7707e34a68413b59837e473ede5659620d1de46/effect-lock-tickets/ticket-000000000002.json: OK
raw/raw/good/effect-journals/39cf0d31a02ef6674fa7ef959d45572c8ed8414f6dba62b9741f6c1c5bf008f4/effects.json: OK
raw/raw/good/effect-journals/39cf0d31a02ef6674fa7ef959d45572c8ed8414f6dba62b9741f6c1c5bf008f4/effect-lock-tickets/released-000000000005.json: OK
raw/raw/good/effect-journals/39cf0d31a02ef6674fa7ef959d45572c8ed8414f6dba62b9741f6c1c5bf008f4/effect-lock-tickets/ticket-000000000001.json: OK
raw/raw/good/effect-journals/39cf0d31a02ef6674fa7ef959d45572c8ed8414f6dba62b9741f6c1c5bf008f4/effect-lock-tickets/released-000000000004.json: OK
raw/raw/good/effect-journals/39cf0d31a02ef6674fa7ef959d45572c8ed8414f6dba62b9741f6c1c5bf008f4/effect-lock-tickets/released-000000000003.json: OK
raw/raw/good/effect-journals/39cf0d31a02ef6674fa7ef959d45572c8ed8414f6dba62b9741f6c1c5bf008f4/effect-lock-tickets/released-000000000002.json: OK
raw/raw/good/effect-journals/39cf0d31a02ef6674fa7ef959d45572c8ed8414f6dba62b9741f6c1c5bf008f4/effect-lock-tickets/ticket-000000000006.json: OK
raw/raw/good/effect-journals/39cf0d31a02ef6674fa7ef959d45572c8ed8414f6dba62b9741f6c1c5bf008f4/effect-lock-tickets/ticket-000000000005.json: OK
raw/raw/good/effect-journals/39cf0d31a02ef6674fa7ef959d45572c8ed8414f6dba62b9741f6c1c5bf008f4/effect-lock-tickets/released-000000000001.json: OK
raw/raw/good/effect-journals/39cf0d31a02ef6674fa7ef959d45572c8ed8414f6dba62b9741f6c1c5bf008f4/effect-lock-tickets/ticket-000000000004.json: OK
raw/raw/good/effect-journals/39cf0d31a02ef6674fa7ef959d45572c8ed8414f6dba62b9741f6c1c5bf008f4/effect-lock-tickets/ticket-000000000003.json: OK
raw/raw/good/effect-journals/39cf0d31a02ef6674fa7ef959d45572c8ed8414f6dba62b9741f6c1c5bf008f4/effect-lock-tickets/ticket-000000000002.json: OK
raw/raw/good/effect-journals/39cf0d31a02ef6674fa7ef959d45572c8ed8414f6dba62b9741f6c1c5bf008f4/effect-lock-tickets/released-000000000006.json: OK
raw/raw/good/effect-journals/ba3ce363cf2e4d033945cbb2c4f61a0e2b4fc14e7192fc2f74b1e9bf353b9e60/effects.json: OK
raw/raw/good/effect-journals/ba3ce363cf2e4d033945cbb2c4f61a0e2b4fc14e7192fc2f74b1e9bf353b9e60/effect-lock-tickets/ticket-000000000001.json: OK
raw/raw/good/effect-journals/ba3ce363cf2e4d033945cbb2c4f61a0e2b4fc14e7192fc2f74b1e9bf353b9e60/effect-lock-tickets/released-000000000001.json: OK
raw/raw/good/effect-journals/2272700a63e2f6e43c203676c1f0cfd86061bb6f71e7897a56965fe1f102b21d/effects.json: OK
raw/raw/good/effect-journals/2272700a63e2f6e43c203676c1f0cfd86061bb6f71e7897a56965fe1f102b21d/effect-lock-tickets/ticket-000000000001.json: OK
raw/raw/good/effect-journals/2272700a63e2f6e43c203676c1f0cfd86061bb6f71e7897a56965fe1f102b21d/effect-lock-tickets/released-000000000001.json: OK
raw/raw/good/effect-journals/2e07a036443a5e836b8e4697b1723e7454322d82023ae37feb662a8b78bbe01e/effects.json: OK
raw/raw/good/effect-journals/2e07a036443a5e836b8e4697b1723e7454322d82023ae37feb662a8b78bbe01e/effect-lock-tickets/ticket-000000000001.json: OK
raw/raw/good/effect-journals/2e07a036443a5e836b8e4697b1723e7454322d82023ae37feb662a8b78bbe01e/effect-lock-tickets/released-000000000002.json: OK
raw/raw/good/effect-journals/2e07a036443a5e836b8e4697b1723e7454322d82023ae37feb662a8b78bbe01e/effect-lock-tickets/released-000000000001.json: OK
raw/raw/good/effect-journals/2e07a036443a5e836b8e4697b1723e7454322d82023ae37feb662a8b78bbe01e/effect-lock-tickets/ticket-000000000002.json: OK
raw/raw/good/effect-journals/fc8656466d151112dd9f44a06ace338cd1ae77e8bbb3eeaf1a534f299a65610b/effects.json: OK
raw/raw/good/effect-journals/fc8656466d151112dd9f44a06ace338cd1ae77e8bbb3eeaf1a534f299a65610b/effect-lock-tickets/ticket-000000000001.json: OK
raw/raw/good/effect-journals/fc8656466d151112dd9f44a06ace338cd1ae77e8bbb3eeaf1a534f299a65610b/effect-lock-tickets/released-000000000001.json: OK
raw/raw/good/manifests/09f1480063f57390ad2d5cfd5c2c32f6fc5293d1b80e7bfb51cbecc28d19ca73.json: OK
