✔ V5 parses visible Atomic bodies and rejects altered rollback scaffolding; V4 stays closed (289.251792ms)
✔ development reference establishes return/rollback/effect and settled-task allocation semantics (2.051209ms)
✔ actual typescript Atomic matches reference rollback and nonlocal return semantics (1241.431042ms)
✔ actual python Atomic matches reference rollback and nonlocal return semantics (165.879917ms)
✔ actual rust Atomic matches reference rollback and nonlocal return semantics (4856.244209ms)
✔ actual typescript Atomic restores state and native step counter after authority and budget faults (183.911666ms)
✔ actual python Atomic restores state and native step counter after authority and budget faults (82.409416ms)
✔ actual rust Atomic restores state and native step counter after authority and budget faults (1470.850291ms)
✔ composite profiles preserve exact AST identities and parse visible collection/field edits (371.903ms)
✔ actual typescript composite execution preserves aliasing, old records, lazy Result branches, callbacks and write order (151.695959ms)
✔ actual python composite execution preserves aliasing, old records, lazy Result branches, callbacks and write order (126.104542ms)
✔ actual rust composite execution preserves aliasing, old records, lazy Result branches, callbacks and write order (7854.798458ms)
✔ continuation source keeps bodies visible and validates capture scaffolding (363.233292ms)
✔ actual typescript closures/tasks preserve captures, identity and effect authority (177.149416ms)
✔ actual python closures/tasks preserve captures, identity and effect authority (103.092ms)
✔ actual rust closures/tasks preserve captures, identity and effect authority (4690.337541ms)
✔ actual typescript completed tasks retain results under revocation without redispatch (158.197458ms)
✔ actual python completed tasks retain results under revocation without redispatch (73.035083ms)
✔ actual rust completed tasks retain results under revocation without redispatch (2210.773333ms)
✔ unsupported control/contract contexts fail explicitly instead of changing captures or running predicates (49.447959ms)
✔ V9 round-trips null bodies exactly and rejects changed executable scaffolding (62.368125ms)
✔ V9 propagates unsynthesized dependency identity through exact-address imports (59.645333ms)
✔ V9 actual typescript declaration traps while synthesized code executes (824.589458ms)
✔ V9 actual python declaration traps while synthesized code executes (109.846ms)
✔ V9 actual rust declaration traps while synthesized code executes (7900.463916ms)
✔ scalar native profiles round-trip all emitted control flow and parse actual visible edits (271.698625ms)
✔ unsupported projected AST and host syntax reject rather than use placeholders or hidden IR (110.100625ms)
✔ actual typescript execution preserves booleans, arbitrary integers, negative division, overflow, contracts and effects (137.46425ms)
✔ actual python execution preserves booleans, arbitrary integers, negative division, overflow, contracts and effects (82.628125ms)
✔ actual rust execution preserves booleans, arbitrary integers, negative division, overflow, contracts and effects (4340.922625ms)
✔ declared scalar kinds retain type declarations, surfaces, branch shape and contract metadata (25.367834ms)
✔ generic captured closures and tasks round trip and execute in typescript (180.924584ms)
✔ generic captured closures and tasks round trip and execute in python (107.513833ms)
✔ generic captured closures and tasks round trip and execute in rust (4766.421875ms)
✔ generic/nested AST identities and visible type witnesses round trip; unsupported open contexts reject (870.210583ms)
✔ reference interpreter establishes nested generic container and capability results (3.831417ms)
✔ actual typescript generic/nested source edits preserve containers and reject false witnesses before effects (1971.607916ms)
✔ actual python generic/nested source edits preserve containers and reject false witnesses before effects (386.358167ms)
✔ actual rust generic/nested source edits preserve containers and reject false witnesses before effects (1816.009ms)
✔ every declared AST kind has a representative exact-root TS/Python/Rust round trip (1729.904334ms)
✔ new Cond/ForAll/Surface/Un/Yield fixture matches the reference runtime (56.166625ms)
✔ free type variables without a binding are explicitly rejected in all targets (12.279792ms)
✔ actual typescript completes five missing AST kinds (836.646375ms)
✔ actual python completes five missing AST kinds (67.698959ms)
✔ actual rust completes five missing AST kinds (6996.514833ms)
✔ actual typescript standard ledger preserves aliases, transfer/settle contracts and grants (172.607708ms)
✔ actual python standard ledger preserves aliases, transfer/settle contracts and grants (116.265625ms)
✔ actual rust standard ledger preserves aliases, transfer/settle contracts and grants (7959.416667ms)
✔ H1/H2: Rust and Python projections expose the same semantic functions (3.04175ms)
✔ H4: structural diff projection renders only changed graph paths (28.937583ms)
✔ H3: projection language server applies a text edit through a branch CAS (662.318ms)
✔ J5: every AST kind has explicit projection support metadata (2.869166ms)
✔ J6: standard LSP frames decode incrementally and syntax errors become diagnostics (1405.373209ms)
✔ V8 nested imports retain exact module/address identity and reject altered or missing dependencies (151.310125ms)
✔ V8 closes a transitive nested import inside an addressed dependency (5032.860041ms)
✔ actual typescript nested exact-address import executes the same result (691.786ms)
✔ actual python nested exact-address import executes the same result (52.739625ms)
✔ actual rust nested exact-address import executes the same result (1970.954917ms)
✔ edited nested TypeScript dependency rebinds its address and runs the changed program (134.863458ms)
✔ V10 keeps quantifier and Result binders local inside old snapshots (161.787042ms)
✔ V10 actual typescript old-binder execution sees pre-state (1236.20075ms)
✔ V10 actual python old-binder execution sees pre-state (66.102291ms)
✔ V10 actual rust old-binder execution sees pre-state (6708.583833ms)
✔ Risk R3: parse(project(x)) is the identical node, not merely an equivalent one (25.241916ms)
✔ the round trip is idempotent under repetition (5.154625ms)
✔ a human edit to the projection lands as a node mutation (14.425459ms)
✔ randomly generated expressions survive the round trip (11.65625ms)
✔ precedence is preserved without over-parenthesising (0.390167ms)
✔ an unsynthesized contract projects and parses as a body-less declaration (0.248791ms)
✔ out-of-scope identifiers are rejected rather than silently bound (0.258167ms)
✔ result and old are only special inside an ensures clause (0.060417ms)
✔ capabilities and provenance survive the projection (0.921875ms)
✔ the auditor view adds causal lineage without changing the code (33.444083ms)
✔ pinned Unicode17 tables cover every scalar mapping of the actual TypeScript reference (441.469042ms)
✔ V6 exact import closure round trips; missing, altered and unselected dependencies reject (907.175459ms)
✔ actual typescript linked imports and Unicode operations match TypeScript reference (1628.389333ms)
✔ actual python linked imports and Unicode operations match TypeScript reference (794.297541ms)
✔ actual rust linked imports and Unicode operations match TypeScript reference (1502.917583ms)
ℹ tests 78
ℹ suites 0
ℹ pass 78
ℹ fail 0
ℹ cancelled 0
ℹ skipped 0
ℹ todo 0
ℹ duration_ms 10777.266375
